Component: ARM Compiler 5.06 update 6 (build 750) Tool: armlink [4d35ed]

==============================================================================

Section Cross References

    startup.o(STACK) refers (Special) to heapauxi.o(.text) for __use_two_region_memory
    startup.o(HEAP) refers (Special) to heapauxi.o(.text) for __use_two_region_memory
    startup.o(RESET) refers (Special) to heapauxi.o(.text) for __use_two_region_memory
    startup.o(RESET) refers to startup.o(STACK) for StackMem
    startup.o(RESET) refers to spaceinvaders.o(i.SysTick_Handler) for SysTick_Handler
    startup.o(RESET) refers to buttoninput.o(i.GPIOPortC_Handler) for GPIOPortC_Handler
    startup.o(RESET) refers to buttoninput.o(i.GPIOPortE_Handler) for GPIOPortE_Handler
    startup.o(RESET) refers to timer0.o(i.Timer0A_Handler) for Timer0A_Handler
    startup.o(RESET) refers to timer1.o(i.Timer1A_Handler) for Timer1A_Handler
    startup.o(RESET) refers to spaceinvaders.o(i.GPIOPortF_Handler) for GPIOPortF_Handler
    startup.o(RESET) refers to __main.o(!!!main) for __main
    startup.o(.text) refers (Special) to heapauxi.o(.text) for __use_two_region_memory
    startup.o(.text) refers to startup.o(HEAP) for HeapMem
    startup.o(.text) refers to startup.o(STACK) for StackMem
    random.o(.text) refers to random.o(DATA) for M
    timer0.o(i.Timer0A_Handler) refers to timer0.o(.data) for PeriodicTask0
    timer0.o(i.Timer0_Init) refers to timer0.o(.data) for PeriodicTask0
    timer0.o(i.musicPlay) refers to dac.o(i.DAC_Out) for DAC_Out
    timer0.o(i.musicPlay) refers to sound.o(.constdata) for HeavyViolence
    timer0.o(i.musicPlay) refers to timer0.o(.data) for indexOfWave
    timer1.o(i.Timer1A_Handler) refers to timer1.o(.data) for PeriodicTask1
    timer1.o(i.Timer1_Init) refers to timer1.o(.data) for PeriodicTask1
    sound.o(i.Sound_Init) refers to dac.o(i.DAC_Init) for DAC_Init
    print.o(.text) refers (Special) to st7735.o(i.ST7735_OutString) for ST7735_OutString
    print.o(.text) refers to st7735.o(i.ST7735_OutChar) for ST7735_OutChar
    spaceinvaders.o(i.Convert) refers to spaceinvaders.o(.data) for Position
    spaceinvaders.o(i.GPIOPortF_Handler) refers to spaceinvaders.o(i.Delay100ms) for Delay100ms
    spaceinvaders.o(i.SysTick_Handler) refers to adc.o(i.ADC_In) for ADC_In
    spaceinvaders.o(i.SysTick_Handler) refers to spaceinvaders.o(.data) for ADCMail
    spaceinvaders.o(i.main) refers to pll.o(i.PLL_Init) for PLL_Init
    spaceinvaders.o(i.main) refers to adc.o(i.ADC_Init) for ADC_Init
    spaceinvaders.o(i.main) refers to portinit.o(i.portNoEdgeInit) for portNoEdgeInit
    spaceinvaders.o(i.main) refers to st7735.o(i.Output_Init) for Output_Init
    spaceinvaders.o(i.main) refers to dac.o(i.DAC_Init) for DAC_Init
    spaceinvaders.o(i.main) refers to st7735.o(i.ST7735_InitR) for ST7735_InitR
    spaceinvaders.o(i.main) refers to buttoninput.o(i.testInput) for testInput
    spaceinvaders.o(i.main) refers to characters.o(i.characterInit) for characterInit
    spaceinvaders.o(i.main) refers to timer0.o(i.Timer0_Init) for Timer0_Init
    spaceinvaders.o(i.main) refers to st7735.o(i.ST7735_FillScreen) for ST7735_FillScreen
    spaceinvaders.o(i.main) refers to st7735.o(i.ST7735_DrawBitmap) for ST7735_DrawBitmap
    spaceinvaders.o(i.main) refers to spaceinvaders.o(i.Delay100ms) for Delay100ms
    spaceinvaders.o(i.main) refers to portinit.o(i.waitForPress) for waitForPress
    spaceinvaders.o(i.main) refers to buttoninput.o(i.randomInput) for randomInput
    spaceinvaders.o(i.main) refers to portinit.o(i.portCEdgeInit) for portCEdgeInit
    spaceinvaders.o(i.main) refers to portinit.o(i.portEEdgeInit) for portEEdgeInit
    spaceinvaders.o(i.main) refers to spaceinvaders.o(i.SysTick_Init) for SysTick_Init
    spaceinvaders.o(i.main) refers to startup.o(.text) for EnableInterrupts
    spaceinvaders.o(i.main) refers to st7735.o(i.ST7735_OutString) for ST7735_OutString
    spaceinvaders.o(i.main) refers to print.o(.text) for LCD_OutDec
    spaceinvaders.o(i.main) refers to st7735.o(i.ST7735_SetCursor) for ST7735_SetCursor
    spaceinvaders.o(i.main) refers to spaceinvaders.o(i.Convert) for Convert
    spaceinvaders.o(i.main) refers to timer0.o(i.musicPlay) for musicPlay
    spaceinvaders.o(i.main) refers to spaceinvaders.o(.constdata) for BattleOfTheInterrupts1
    spaceinvaders.o(i.main) refers to characters.o(.bss) for warrior1
    spaceinvaders.o(i.main) refers to buttoninput.o(.data) for correctInput
    spaceinvaders.o(i.main) refers to spaceinvaders.o(.data) for ADCMail
    spaceinvaders.o(i.main) refers to buttoninput.o(i.checkPlayer1) for checkPlayer1
    spaceinvaders.o(i.main) refers to buttoninput.o(i.checkPlayer2) for checkPlayer2
    spaceinvaders.o(i.mainSoundTest) refers to pll.o(i.PLL_Init) for PLL_Init
    spaceinvaders.o(i.mainSoundTest) refers to st7735.o(i.Output_Init) for Output_Init
    spaceinvaders.o(i.mainSoundTest) refers to dac.o(i.DAC_Init) for DAC_Init
    spaceinvaders.o(i.mainSoundTest) refers to timer0.o(i.Timer0_Init) for Timer0_Init
    spaceinvaders.o(i.mainSoundTest) refers to timer0.o(i.musicPlay) for musicPlay
    spaceinvaders.o(i.mainTest) refers to pll.o(i.PLL_Init) for PLL_Init
    spaceinvaders.o(i.mainTest) refers to spaceinvaders.o(i.PortF_Init) for PortF_Init
    spaceinvaders.o(i.mainTest) refers to adc.o(i.ADC_Init) for ADC_Init
    spaceinvaders.o(i.mainTest) refers to st7735.o(i.ST7735_InitR) for ST7735_InitR
    spaceinvaders.o(i.mainTest) refers to sound.o(i.Sound_Init) for Sound_Init
    spaceinvaders.o(i.mainTest) refers to st7735.o(i.ST7735_FillScreen) for ST7735_FillScreen
    spaceinvaders.o(i.mainTest) refers to st7735.o(i.ST7735_DrawBitmap) for ST7735_DrawBitmap
    spaceinvaders.o(i.mainTest) refers to st7735.o(i.ST7735_SetCursor) for ST7735_SetCursor
    spaceinvaders.o(i.mainTest) refers to st7735.o(i.ST7735_OutString) for ST7735_OutString
    spaceinvaders.o(i.mainTest) refers to print.o(.text) for LCD_OutDec
    spaceinvaders.o(i.mainTest) refers to spaceinvaders.o(i.SysTick_Init) for SysTick_Init
    spaceinvaders.o(i.mainTest) refers to startup.o(.text) for EnableInterrupts
    spaceinvaders.o(i.mainTest) refers to spaceinvaders.o(i.Convert) for Convert
    spaceinvaders.o(i.mainTest) refers to spaceinvaders.o(.constdata) for BattleOfTheInterrupts1
    spaceinvaders.o(i.mainTest) refers to spaceinvaders.o(.data) for ADCstatus
    spaceinvaders.o(i.mainTestMech) refers to pll.o(i.PLL_Init) for PLL_Init
    spaceinvaders.o(i.mainTestMech) refers to adc.o(i.ADC_Init) for ADC_Init
    spaceinvaders.o(i.mainTestMech) refers to portinit.o(i.portNoEdgeInit) for portNoEdgeInit
    spaceinvaders.o(i.mainTestMech) refers to st7735.o(i.Output_Init) for Output_Init
    spaceinvaders.o(i.mainTestMech) refers to dac.o(i.DAC_Init) for DAC_Init
    spaceinvaders.o(i.mainTestMech) refers to st7735.o(i.ST7735_InitR) for ST7735_InitR
    spaceinvaders.o(i.mainTestMech) refers to buttoninput.o(i.testInput) for testInput
    spaceinvaders.o(i.mainTestMech) refers to characters.o(i.characterInit) for characterInit
    spaceinvaders.o(i.mainTestMech) refers to timer0.o(i.Timer0_Init) for Timer0_Init
    spaceinvaders.o(i.mainTestMech) refers to st7735.o(i.ST7735_FillScreen) for ST7735_FillScreen
    spaceinvaders.o(i.mainTestMech) refers to st7735.o(i.ST7735_DrawBitmap) for ST7735_DrawBitmap
    spaceinvaders.o(i.mainTestMech) refers to timer1.o(i.Timer1_Init) for Timer1_Init
    spaceinvaders.o(i.mainTestMech) refers to portinit.o(i.waitForPress) for waitForPress
    spaceinvaders.o(i.mainTestMech) refers to buttoninput.o(i.randomInput) for randomInput
    spaceinvaders.o(i.mainTestMech) refers to timer0.o(i.musicPlay) for musicPlay
    spaceinvaders.o(i.mainTestMech) refers to spaceinvaders.o(.constdata) for BattleOfTheInterrupts1
    spaceinvaders.o(i.mainTestMech) refers to timer1.o(i.task) for task
    spaceinvaders.o(i.mainTestMech) refers to spaceinvaders.o(.data) for seed
    st7735.o(i.Output_Clear) refers to st7735.o(i.ST7735_FillScreen) for ST7735_FillScreen
    st7735.o(i.Output_Color) refers to st7735.o(i.ST7735_SetTextColor) for ST7735_SetTextColor
    st7735.o(i.Output_Init) refers to st7735.o(i.ST7735_InitR) for ST7735_InitR
    st7735.o(i.Output_Init) refers to st7735.o(i.ST7735_FillScreen) for ST7735_FillScreen
    st7735.o(i.Output_Off) refers to st7735.o(i.Output_Clear) for Output_Clear
    st7735.o(i.Output_On) refers to st7735.o(i.Output_Init) for Output_Init
    st7735.o(i.ST7735_DrawBitmap) refers to st7735.o(i.setAddrWindow) for setAddrWindow
    st7735.o(i.ST7735_DrawBitmap) refers to lcd.o(.text) for writedata
    st7735.o(i.ST7735_DrawBitmap) refers to st7735.o(.data) for _width
    st7735.o(i.ST7735_DrawChar) refers to st7735.o(i.setAddrWindow) for setAddrWindow
    st7735.o(i.ST7735_DrawChar) refers to st7735.o(i.pushColor) for pushColor
    st7735.o(i.ST7735_DrawChar) refers to st7735.o(.data) for _width
    st7735.o(i.ST7735_DrawChar) refers to st7735.o(.constdata) for Font
    st7735.o(i.ST7735_DrawCharS) refers to st7735.o(i.ST7735_DrawPixel) for ST7735_DrawPixel
    st7735.o(i.ST7735_DrawCharS) refers to st7735.o(i.ST7735_FillRect) for ST7735_FillRect
    st7735.o(i.ST7735_DrawCharS) refers to st7735.o(.data) for _width
    st7735.o(i.ST7735_DrawCharS) refers to st7735.o(.constdata) for Font
    st7735.o(i.ST7735_DrawFastHLine) refers to st7735.o(i.setAddrWindow) for setAddrWindow
    st7735.o(i.ST7735_DrawFastHLine) refers to lcd.o(.text) for writedata
    st7735.o(i.ST7735_DrawFastHLine) refers to st7735.o(.data) for _width
    st7735.o(i.ST7735_DrawFastVLine) refers to st7735.o(i.setAddrWindow) for setAddrWindow
    st7735.o(i.ST7735_DrawFastVLine) refers to lcd.o(.text) for writedata
    st7735.o(i.ST7735_DrawFastVLine) refers to st7735.o(.data) for _width
    st7735.o(i.ST7735_DrawPixel) refers to st7735.o(i.setAddrWindow) for setAddrWindow
    st7735.o(i.ST7735_DrawPixel) refers to st7735.o(i.pushColor) for pushColor
    st7735.o(i.ST7735_DrawPixel) refers to st7735.o(.data) for _width
    st7735.o(i.ST7735_DrawString) refers to st7735.o(i.ST7735_DrawCharS) for ST7735_DrawCharS
    st7735.o(i.ST7735_FillRect) refers to st7735.o(i.setAddrWindow) for setAddrWindow
    st7735.o(i.ST7735_FillRect) refers to lcd.o(.text) for writedata
    st7735.o(i.ST7735_FillRect) refers to st7735.o(.data) for _width
    st7735.o(i.ST7735_FillScreen) refers to st7735.o(i.ST7735_FillRect) for ST7735_FillRect
    st7735.o(i.ST7735_FillScreen) refers to st7735.o(.data) for _height
    st7735.o(i.ST7735_InitB) refers to st7735.o(i.commonInit) for commonInit
    st7735.o(i.ST7735_InitB) refers to st7735.o(i.ST7735_SetCursor) for ST7735_SetCursor
    st7735.o(i.ST7735_InitB) refers to st7735.o(i.ST7735_FillScreen) for ST7735_FillScreen
    st7735.o(i.ST7735_InitB) refers to st7735.o(.constdata) for Bcmd
    st7735.o(i.ST7735_InitB) refers to st7735.o(.data) for StTextColor
    st7735.o(i.ST7735_InitR) refers to st7735.o(i.commonInit) for commonInit
    st7735.o(i.ST7735_InitR) refers to st7735.o(i.commandList) for commandList
    st7735.o(i.ST7735_InitR) refers to lcd.o(.text) for writecommand
    st7735.o(i.ST7735_InitR) refers to st7735.o(i.ST7735_SetCursor) for ST7735_SetCursor
    st7735.o(i.ST7735_InitR) refers to st7735.o(i.ST7735_FillScreen) for ST7735_FillScreen
    st7735.o(i.ST7735_InitR) refers to st7735.o(.constdata) for Rcmd1
    st7735.o(i.ST7735_InitR) refers to st7735.o(.data) for ColStart
    st7735.o(i.ST7735_InvertDisplay) refers to lcd.o(.text) for writecommand
    st7735.o(i.ST7735_OutChar) refers to st7735.o(i.ST7735_DrawString) for ST7735_DrawString
    st7735.o(i.ST7735_OutChar) refers to st7735.o(i.ST7735_DrawCharS) for ST7735_DrawCharS
    st7735.o(i.ST7735_OutChar) refers to st7735.o(.data) for StY
    st7735.o(i.ST7735_OutString) refers to st7735.o(i.ST7735_OutChar) for ST7735_OutChar
    st7735.o(i.ST7735_OutUDec) refers to st7735.o(i.fillmessage) for fillmessage
    st7735.o(i.ST7735_OutUDec) refers to st7735.o(i.ST7735_DrawString) for ST7735_DrawString
    st7735.o(i.ST7735_OutUDec) refers to st7735.o(i.ST7735_DrawCharS) for ST7735_DrawCharS
    st7735.o(i.ST7735_OutUDec) refers to st7735.o(.data) for Messageindex
    st7735.o(i.ST7735_OutUDec) refers to st7735.o(.bss) for Message
    st7735.o(i.ST7735_PlotBar) refers to st7735.o(i.ST7735_DrawFastVLine) for ST7735_DrawFastVLine
    st7735.o(i.ST7735_PlotBar) refers to st7735.o(.data) for Ymin
    st7735.o(i.ST7735_PlotClear) refers to st7735.o(i.ST7735_Color565) for ST7735_Color565
    st7735.o(i.ST7735_PlotClear) refers to st7735.o(i.ST7735_FillRect) for ST7735_FillRect
    st7735.o(i.ST7735_PlotClear) refers to st7735.o(.data) for Ymax
    st7735.o(i.ST7735_PlotLine) refers to st7735.o(i.ST7735_DrawPixel) for ST7735_DrawPixel
    st7735.o(i.ST7735_PlotLine) refers to st7735.o(.data) for Ymin
    st7735.o(i.ST7735_PlotNext) refers to st7735.o(.data) for X
    st7735.o(i.ST7735_PlotNextErase) refers to st7735.o(i.ST7735_Color565) for ST7735_Color565
    st7735.o(i.ST7735_PlotNextErase) refers to st7735.o(i.ST7735_DrawFastVLine) for ST7735_DrawFastVLine
    st7735.o(i.ST7735_PlotNextErase) refers to st7735.o(.data) for X
    st7735.o(i.ST7735_PlotPoint) refers to st7735.o(i.ST7735_DrawPixel) for ST7735_DrawPixel
    st7735.o(i.ST7735_PlotPoint) refers to st7735.o(.data) for Ymin
    st7735.o(i.ST7735_PlotPoints) refers to st7735.o(i.ST7735_DrawPixel) for ST7735_DrawPixel
    st7735.o(i.ST7735_PlotPoints) refers to st7735.o(.data) for Ymin
    st7735.o(i.ST7735_PlotdBfs) refers to st7735.o(i.ST7735_DrawFastVLine) for ST7735_DrawFastVLine
    st7735.o(i.ST7735_PlotdBfs) refers to st7735.o(.constdata) for dBfs
    st7735.o(i.ST7735_PlotdBfs) refers to st7735.o(.data) for X
    st7735.o(i.ST7735_SetCursor) refers to st7735.o(.data) for StX
    st7735.o(i.ST7735_SetRotation) refers to lcd.o(.text) for writecommand
    st7735.o(i.ST7735_SetRotation) refers to st7735.o(.data) for Rotation
    st7735.o(i.ST7735_SetTextColor) refers to st7735.o(.data) for StTextColor
    st7735.o(i.commandList) refers to lcd.o(.text) for writecommand
    st7735.o(i.commandList) refers to st7735.o(i.Delay1ms) for Delay1ms
    st7735.o(i.commonInit) refers to st7735.o(i.Delay1ms) for Delay1ms
    st7735.o(i.commonInit) refers to st7735.o(i.commandList) for commandList
    st7735.o(i.commonInit) refers to st7735.o(.data) for RowStart
    st7735.o(i.fillmessage) refers to st7735.o(.bss) for Message
    st7735.o(i.fillmessage) refers to st7735.o(.data) for Messageindex
    st7735.o(i.fputc) refers to st7735.o(i.ST7735_OutChar) for ST7735_OutChar
    st7735.o(i.pushColor) refers to lcd.o(.text) for writedata
    st7735.o(i.setAddrWindow) refers to lcd.o(.text) for writecommand
    st7735.o(i.setAddrWindow) refers to st7735.o(.data) for ColStart
    characters.o(i.characterInit) refers to characters.o(.bss) for warrior1
    characters.o(i.characterReset) refers to characters.o(.bss) for warrior1
    buttoninput.o(i.GPIOPortC_Handler) refers to buttoninput.o(i.Delay1msa) for Delay1msa
    buttoninput.o(i.GPIOPortC_Handler) refers to buttoninput.o(i.checkPlayer1) for checkPlayer1
    buttoninput.o(i.GPIOPortC_Handler) refers to characters.o(.bss) for warrior1
    buttoninput.o(i.GPIOPortC_Handler) refers to buttoninput.o(.data) for warrior1Index
    buttoninput.o(i.GPIOPortE_Handler) refers to buttoninput.o(i.Delay1msa) for Delay1msa
    buttoninput.o(i.GPIOPortE_Handler) refers to buttoninput.o(i.checkPlayer2) for checkPlayer2
    buttoninput.o(i.GPIOPortE_Handler) refers to characters.o(.bss) for warrior2
    buttoninput.o(i.GPIOPortE_Handler) refers to buttoninput.o(.data) for warrior2Index
    buttoninput.o(i.checkPlayer1) refers to characters.o(.bss) for warrior1
    buttoninput.o(i.checkPlayer1) refers to buttoninput.o(.data) for correctInput
    buttoninput.o(i.checkPlayer2) refers to characters.o(.bss) for warrior2
    buttoninput.o(i.checkPlayer2) refers to buttoninput.o(.data) for correctInput
    buttoninput.o(i.randomInput) refers to rt_memcpy_w.o(.text) for __aeabi_memcpy4
    buttoninput.o(i.randomInput) refers to buttoninput.o(.constdata) for .constdata
    buttoninput.o(i.randomInput) refers to buttoninput.o(.data) for correctInput
    buttoninput.o(i.testInput) refers to buttoninput.o(.data) for correctInput
    portinit.o(i.portCEdgeInit) refers to startup.o(.text) for EnableInterrupts
    portinit.o(i.portEEdgeInit) refers to startup.o(.text) for EnableInterrupts
    portinit.o(i.waitForPress) refers to portinit.o(i.Delay1msb) for Delay1msb
    __main.o(!!!main) refers to __rtentry.o(.ARM.Collect$$rtentry$$00000000) for __rt_entry
    __rtentry.o(.ARM.Collect$$rtentry$$00000000) refers (Special) to __rtentry2.o(.ARM.Collect$$rtentry$$0000000A) for __rt_entry_li
    __rtentry.o(.ARM.Collect$$rtentry$$00000000) refers (Special) to __rtentry2.o(.ARM.Collect$$rtentry$$0000000D) for __rt_entry_main
    __rtentry.o(.ARM.Collect$$rtentry$$00000000) refers (Special) to __rtentry2.o(.ARM.Collect$$rtentry$$0000000C) for __rt_entry_postli_1
    __rtentry.o(.ARM.Collect$$rtentry$$00000000) refers (Special) to __rtentry2.o(.ARM.Collect$$rtentry$$00000009) for __rt_entry_postsh_1
    __rtentry.o(.ARM.Collect$$rtentry$$00000000) refers (Special) to __rtentry2.o(.ARM.Collect$$rtentry$$00000002) for __rt_entry_presh_1
    __rtentry.o(.ARM.Collect$$rtentry$$00000000) refers (Special) to __rtentry4.o(.ARM.Collect$$rtentry$$00000004) for __rt_entry_sh
    __rtentry2.o(.ARM.Collect$$rtentry$$00000008) refers to boardinit2.o(.text) for _platform_post_stackheap_init
    __rtentry2.o(.ARM.Collect$$rtentry$$0000000A) refers to libinit.o(.ARM.Collect$$libinit$$00000000) for __rt_lib_init
    __rtentry2.o(.ARM.Collect$$rtentry$$0000000B) refers to boardinit3.o(.text) for _platform_post_lib_init
    __rtentry2.o(.ARM.Collect$$rtentry$$0000000D) refers to spaceinvaders.o(i.main) for main
    __rtentry2.o(.ARM.Collect$$rtentry$$0000000D) refers to exit.o(.text) for exit
    __rtentry2.o(.ARM.exidx) refers to __rtentry2.o(.ARM.Collect$$rtentry$$00000001) for .ARM.Collect$$rtentry$$00000001
    __rtentry2.o(.ARM.exidx) refers to __rtentry2.o(.ARM.Collect$$rtentry$$00000008) for .ARM.Collect$$rtentry$$00000008
    __rtentry2.o(.ARM.exidx) refers to __rtentry2.o(.ARM.Collect$$rtentry$$0000000A) for .ARM.Collect$$rtentry$$0000000A
    __rtentry2.o(.ARM.exidx) refers to __rtentry2.o(.ARM.Collect$$rtentry$$0000000B) for .ARM.Collect$$rtentry$$0000000B
    __rtentry2.o(.ARM.exidx) refers to __rtentry2.o(.ARM.Collect$$rtentry$$0000000D) for .ARM.Collect$$rtentry$$0000000D
    __rtentry4.o(.ARM.Collect$$rtentry$$00000004) refers to sys_stackheap_outer.o(.text) for __user_setup_stackheap
    __rtentry4.o(.ARM.exidx) refers to __rtentry4.o(.ARM.Collect$$rtentry$$00000004) for .ARM.Collect$$rtentry$$00000004
    sys_stackheap_outer.o(.text) refers to libspace.o(.text) for __user_perproc_libspace
    sys_stackheap_outer.o(.text) refers to startup.o(.text) for __user_initial_stackheap
    exit.o(.text) refers to rtexit.o(.ARM.Collect$$rtexit$$00000000) for __rt_exit
    libinit.o(.ARM.Collect$$libinit$$00000000) refers (Special) to libinit2.o(.ARM.Collect$$libinit$$0000002E) for __rt_lib_init_alloca_1
    libinit.o(.ARM.Collect$$libinit$$00000000) refers (Special) to libinit2.o(.ARM.Collect$$libinit$$0000002C) for __rt_lib_init_argv_1
    libinit.o(.ARM.Collect$$libinit$$00000000) refers (Special) to libinit2.o(.ARM.Collect$$libinit$$0000001B) for __rt_lib_init_atexit_1
    libinit.o(.ARM.Collect$$libinit$$00000000) refers (Special) to libinit2.o(.ARM.Collect$$libinit$$00000021) for __rt_lib_init_clock_1
    libinit.o(.ARM.Collect$$libinit$$00000000) refers (Special) to libinit2.o(.ARM.Collect$$libinit$$00000032) for __rt_lib_init_cpp_1
    libinit.o(.ARM.Collect$$libinit$$00000000) refers (Special) to libinit2.o(.ARM.Collect$$libinit$$00000030) for __rt_lib_init_exceptions_1
    libinit.o(.ARM.Collect$$libinit$$00000000) refers (Special) to libinit2.o(.ARM.Collect$$libinit$$00000002) for __rt_lib_init_fp_1
    libinit.o(.ARM.Collect$$libinit$$00000000) refers (Special) to libinit2.o(.ARM.Collect$$libinit$$0000001F) for __rt_lib_init_fp_trap_1
    libinit.o(.ARM.Collect$$libinit$$00000000) refers (Special) to libinit2.o(.ARM.Collect$$libinit$$00000023) for __rt_lib_init_getenv_1
    libinit.o(.ARM.Collect$$libinit$$00000000) refers (Special) to libinit2.o(.ARM.Collect$$libinit$$0000000A) for __rt_lib_init_heap_1
    libinit.o(.ARM.Collect$$libinit$$00000000) refers (Special) to libinit2.o(.ARM.Collect$$libinit$$00000011) for __rt_lib_init_lc_collate_1
    libinit.o(.ARM.Collect$$libinit$$00000000) refers (Special) to libinit2.o(.ARM.Collect$$libinit$$00000013) for __rt_lib_init_lc_ctype_1
    libinit.o(.ARM.Collect$$libinit$$00000000) refers (Special) to libinit2.o(.ARM.Collect$$libinit$$00000015) for __rt_lib_init_lc_monetary_1
    libinit.o(.ARM.Collect$$libinit$$00000000) refers (Special) to libinit2.o(.ARM.Collect$$libinit$$00000017) for __rt_lib_init_lc_numeric_1
    libinit.o(.ARM.Collect$$libinit$$00000000) refers (Special) to libinit2.o(.ARM.Collect$$libinit$$00000019) for __rt_lib_init_lc_time_1
    libinit.o(.ARM.Collect$$libinit$$00000000) refers (Special) to libinit2.o(.ARM.Collect$$libinit$$00000004) for __rt_lib_init_preinit_1
    libinit.o(.ARM.Collect$$libinit$$00000000) refers (Special) to libinit2.o(.ARM.Collect$$libinit$$0000000E) for __rt_lib_init_rand_1
    libinit.o(.ARM.Collect$$libinit$$00000000) refers (Special) to libinit2.o(.ARM.Collect$$libinit$$00000033) for __rt_lib_init_return
    libinit.o(.ARM.Collect$$libinit$$00000000) refers (Special) to libinit2.o(.ARM.Collect$$libinit$$0000001D) for __rt_lib_init_signal_1
    libinit.o(.ARM.Collect$$libinit$$00000000) refers (Special) to libinit2.o(.ARM.Collect$$libinit$$00000025) for __rt_lib_init_stdio_1
    libinit.o(.ARM.Collect$$libinit$$00000000) refers (Special) to libinit2.o(.ARM.Collect$$libinit$$0000000C) for __rt_lib_init_user_alloc_1
    libspace.o(.text) refers to libspace.o(.bss) for __libspace_start
    rtexit.o(.ARM.Collect$$rtexit$$00000000) refers (Special) to rtexit2.o(.ARM.Collect$$rtexit$$00000004) for __rt_exit_exit
    rtexit.o(.ARM.Collect$$rtexit$$00000000) refers (Special) to rtexit2.o(.ARM.Collect$$rtexit$$00000003) for __rt_exit_ls
    rtexit.o(.ARM.Collect$$rtexit$$00000000) refers (Special) to rtexit2.o(.ARM.Collect$$rtexit$$00000002) for __rt_exit_prels_1
    rtexit.o(.ARM.exidx) refers (Special) to rtexit2.o(.ARM.Collect$$rtexit$$00000004) for __rt_exit_exit
    rtexit.o(.ARM.exidx) refers (Special) to rtexit2.o(.ARM.Collect$$rtexit$$00000003) for __rt_exit_ls
    rtexit.o(.ARM.exidx) refers (Special) to rtexit2.o(.ARM.Collect$$rtexit$$00000002) for __rt_exit_prels_1
    rtexit.o(.ARM.exidx) refers to rtexit.o(.ARM.Collect$$rtexit$$00000000) for .ARM.Collect$$rtexit$$00000000
    libinit2.o(.ARM.Collect$$libinit$$00000010) refers to libinit2.o(.ARM.Collect$$libinit$$0000000F) for .ARM.Collect$$libinit$$0000000F
    libinit2.o(.ARM.Collect$$libinit$$00000012) refers to libinit2.o(.ARM.Collect$$libinit$$0000000F) for .ARM.Collect$$libinit$$0000000F
    libinit2.o(.ARM.Collect$$libinit$$00000014) refers to libinit2.o(.ARM.Collect$$libinit$$0000000F) for .ARM.Collect$$libinit$$0000000F
    libinit2.o(.ARM.Collect$$libinit$$00000016) refers to libinit2.o(.ARM.Collect$$libinit$$0000000F) for .ARM.Collect$$libinit$$0000000F
    libinit2.o(.ARM.Collect$$libinit$$00000018) refers to libinit2.o(.ARM.Collect$$libinit$$0000000F) for .ARM.Collect$$libinit$$0000000F
    libinit2.o(.ARM.Collect$$libinit$$00000026) refers to argv_veneer.o(.emb_text) for __ARM_argv_veneer
    libinit2.o(.ARM.Collect$$libinit$$00000027) refers to argv_veneer.o(.emb_text) for __ARM_argv_veneer
    rtexit2.o(.ARM.Collect$$rtexit$$00000003) refers to libshutdown.o(.ARM.Collect$$libshutdown$$00000000) for __rt_lib_shutdown
    rtexit2.o(.ARM.Collect$$rtexit$$00000004) refers to sys_exit.o(.text) for _sys_exit
    rtexit2.o(.ARM.exidx) refers to rtexit2.o(.ARM.Collect$$rtexit$$00000001) for .ARM.Collect$$rtexit$$00000001
    rtexit2.o(.ARM.exidx) refers to rtexit2.o(.ARM.Collect$$rtexit$$00000003) for .ARM.Collect$$rtexit$$00000003
    rtexit2.o(.ARM.exidx) refers to rtexit2.o(.ARM.Collect$$rtexit$$00000004) for .ARM.Collect$$rtexit$$00000004
    argv_veneer.o(.emb_text) refers to no_argv.o(.text) for __ARM_get_argv
    sys_exit.o(.text) refers (Special) to use_no_semi.o(.text) for __I$use$semihosting
    sys_exit.o(.text) refers (Special) to indicate_semi.o(.text) for __semihosting_library_function
    _get_argv_nomalloc.o(.text) refers (Special) to hrguard.o(.text) for __heap_region$guard
    _get_argv_nomalloc.o(.text) refers to defsig_rtmem_outer.o(.text) for __rt_SIGRTMEM
    _get_argv_nomalloc.o(.text) refers to sys_command.o(.text) for _sys_command_string
    libshutdown.o(.ARM.Collect$$libshutdown$$00000000) refers (Special) to libshutdown2.o(.ARM.Collect$$libshutdown$$00000002) for __rt_lib_shutdown_cpp_1
    libshutdown.o(.ARM.Collect$$libshutdown$$00000000) refers (Special) to libshutdown2.o(.ARM.Collect$$libshutdown$$00000007) for __rt_lib_shutdown_fp_trap_1
    libshutdown.o(.ARM.Collect$$libshutdown$$00000000) refers (Special) to libshutdown2.o(.ARM.Collect$$libshutdown$$0000000F) for __rt_lib_shutdown_heap_1
    libshutdown.o(.ARM.Collect$$libshutdown$$00000000) refers (Special) to libshutdown2.o(.ARM.Collect$$libshutdown$$00000010) for __rt_lib_shutdown_return
    libshutdown.o(.ARM.Collect$$libshutdown$$00000000) refers (Special) to libshutdown2.o(.ARM.Collect$$libshutdown$$0000000A) for __rt_lib_shutdown_signal_1
    libshutdown.o(.ARM.Collect$$libshutdown$$00000000) refers (Special) to libshutdown2.o(.ARM.Collect$$libshutdown$$00000004) for __rt_lib_shutdown_stdio_1
    libshutdown.o(.ARM.Collect$$libshutdown$$00000000) refers (Special) to libshutdown2.o(.ARM.Collect$$libshutdown$$0000000C) for __rt_lib_shutdown_user_alloc_1
    sys_command.o(.text) refers (Special) to use_no_semi.o(.text) for __I$use$semihosting
    sys_command.o(.text) refers (Special) to indicate_semi.o(.text) for __semihosting_library_function
    defsig_rtmem_outer.o(.text) refers to defsig_rtmem_inner.o(.text) for __rt_SIGRTMEM_inner
    defsig_rtmem_outer.o(.text) refers to defsig_exit.o(.text) for __sig_exit
    defsig_rtmem_formal.o(.text) refers to rt_raise.o(.text) for __rt_raise
    rt_raise.o(.text) refers to __raise.o(.text) for __raise
    rt_raise.o(.text) refers to sys_exit.o(.text) for _sys_exit
    defsig_exit.o(.text) refers to sys_exit.o(.text) for _sys_exit
    defsig_rtmem_inner.o(.text) refers to defsig_general.o(.text) for __default_signal_display
    __raise.o(.text) refers to defsig.o(CL$$defsig) for __default_signal_handler
    defsig_general.o(.text) refers to sys_wrch.o(.text) for _ttywrch
    sys_wrch.o(.text) refers (Special) to use_no_semi.o(.text) for __I$use$semihosting
    sys_wrch.o(.text) refers (Special) to indicate_semi.o(.text) for __semihosting_library_function
    defsig.o(CL$$defsig) refers to defsig_rtmem_inner.o(.text) for __rt_SIGRTMEM_inner
    defsig_abrt_inner.o(.text) refers to defsig_general.o(.text) for __default_signal_display
    defsig_fpe_inner.o(.text) refers to defsig_general.o(.text) for __default_signal_display
    defsig_rtred_inner.o(.text) refers to defsig_general.o(.text) for __default_signal_display
    defsig_stak_inner.o(.text) refers to defsig_general.o(.text) for __default_signal_display
    defsig_pvfn_inner.o(.text) refers to defsig_general.o(.text) for __default_signal_display
    defsig_cppl_inner.o(.text) refers to defsig_general.o(.text) for __default_signal_display
    defsig_segv_inner.o(.text) refers to defsig_general.o(.text) for __default_signal_display
    defsig_other.o(.text) refers to defsig_general.o(.text) for __default_signal_display


==============================================================================

Removing Unused input sections from the image.

    Removing random.o(DATA), (4 bytes).
    Removing random.o(.text), (64 bytes).
    Removing timer1.o(i.Timer1_Init), (96 bytes).
    Removing timer1.o(i.task), (2 bytes).
    Removing sound.o(i.Sound_Explosion), (2 bytes).
    Removing sound.o(i.Sound_Init), (24 bytes).
    Removing sound.o(i.Sound_Killed), (2 bytes).
    Removing sound.o(i.Sound_Play), (2 bytes).
    Removing sound.o(i.Sound_Shoot), (2 bytes).
    Removing spaceinvaders.o(i.PortF_Init), (92 bytes).
    Removing spaceinvaders.o(i.mainSoundTest), (32 bytes).
    Removing spaceinvaders.o(i.mainTest), (204 bytes).
    Removing spaceinvaders.o(i.mainTestMech), (136 bytes).
    Removing st7735.o(i.Output_Clear), (10 bytes).
    Removing st7735.o(i.Output_Color), (12 bytes).
    Removing st7735.o(i.Output_Off), (8 bytes).
    Removing st7735.o(i.Output_On), (8 bytes).
    Removing st7735.o(i.ST7735_Color565), (24 bytes).
    Removing st7735.o(i.ST7735_DrawChar), (272 bytes).
    Removing st7735.o(i.ST7735_DrawFastHLine), (124 bytes).
    Removing st7735.o(i.ST7735_DrawFastVLine), (124 bytes).
    Removing st7735.o(i.ST7735_InitB), (40 bytes).
    Removing st7735.o(i.ST7735_InvertDisplay), (22 bytes).
    Removing st7735.o(i.ST7735_OutUDec), (140 bytes).
    Removing st7735.o(i.ST7735_PlotBar), (88 bytes).
    Removing st7735.o(i.ST7735_PlotClear), (92 bytes).
    Removing st7735.o(i.ST7735_PlotLine), (264 bytes).
    Removing st7735.o(i.ST7735_PlotNext), (32 bytes).
    Removing st7735.o(i.ST7735_PlotNextErase), (64 bytes).
    Removing st7735.o(i.ST7735_PlotPoint), (152 bytes).
    Removing st7735.o(i.ST7735_PlotPoints), (172 bytes).
    Removing st7735.o(i.ST7735_PlotdBfs), (60 bytes).
    Removing st7735.o(i.ST7735_SetRotation), (212 bytes).
    Removing st7735.o(i.ST7735_SetTextColor), (12 bytes).
    Removing st7735.o(i.ST7735_SwapColor), (18 bytes).
    Removing st7735.o(i.ferror), (8 bytes).
    Removing st7735.o(i.fgetc), (6 bytes).
    Removing st7735.o(i.fillmessage), (72 bytes).
    Removing st7735.o(i.fputc), (16 bytes).
    Removing st7735.o(.bss), (12 bytes).
    Removing characters.o(i.characterReset), (32 bytes).

41 unused section(s) (total 2758 bytes) removed from the image.

==============================================================================

Image Symbol Table

    Local Symbols

    Symbol Name                              Value     Ov Type        Size  Object(Section)

    RESET                                    0x00000000   Section      644  startup.o(RESET)
    ../clib/angel/boardlib.s                 0x00000000   Number         0  boardinit2.o ABSOLUTE
    ../clib/angel/boardlib.s                 0x00000000   Number         0  boardinit3.o ABSOLUTE
    ../clib/angel/boardlib.s                 0x00000000   Number         0  boardshut.o ABSOLUTE
    ../clib/angel/boardlib.s                 0x00000000   Number         0  boardinit1.o ABSOLUTE
    ../clib/angel/handlers.s                 0x00000000   Number         0  __scatter_copy.o ABSOLUTE
    ../clib/angel/handlers.s                 0x00000000   Number         0  __scatter_zi.o ABSOLUTE
    ../clib/angel/kernel.s                   0x00000000   Number         0  rtexit.o ABSOLUTE
    ../clib/angel/kernel.s                   0x00000000   Number         0  __rtentry.o ABSOLUTE
    ../clib/angel/kernel.s                   0x00000000   Number         0  __rtentry2.o ABSOLUTE
    ../clib/angel/kernel.s                   0x00000000   Number         0  __rtentry4.o ABSOLUTE
    ../clib/angel/kernel.s                   0x00000000   Number         0  rtexit2.o ABSOLUTE
    ../clib/angel/rt.s                       0x00000000   Number         0  rt_raise.o ABSOLUTE
    ../clib/angel/scatter.s                  0x00000000   Number         0  __scatter.o ABSOLUTE
    ../clib/angel/startup.s                  0x00000000   Number         0  __main.o ABSOLUTE
    ../clib/angel/sys.s                      0x00000000   Number         0  libspace.o ABSOLUTE
    ../clib/angel/sys.s                      0x00000000   Number         0  indicate_semi.o ABSOLUTE
    ../clib/angel/sys.s                      0x00000000   Number         0  use_no_semi.o ABSOLUTE
    ../clib/angel/sys.s                      0x00000000   Number         0  sys_stackheap_outer.o ABSOLUTE
    ../clib/angel/sysapp.c                   0x00000000   Number         0  sys_command.o ABSOLUTE
    ../clib/angel/sysapp.c                   0x00000000   Number         0  sys_wrch.o ABSOLUTE
    ../clib/angel/sysapp.c                   0x00000000   Number         0  sys_exit.o ABSOLUTE
    ../clib/armsys.c                         0x00000000   Number         0  no_argv.o ABSOLUTE
    ../clib/armsys.c                         0x00000000   Number         0  _get_argv_nomalloc.o ABSOLUTE
    ../clib/armsys.c                         0x00000000   Number         0  argv_veneer.o ABSOLUTE
    ../clib/armsys.c                         0x00000000   Number         0  argv_veneer.o ABSOLUTE
    ../clib/heapalloc.c                      0x00000000   Number         0  hrguard.o ABSOLUTE
    ../clib/heapaux.c                        0x00000000   Number         0  heapauxi.o ABSOLUTE
    ../clib/libinit.s                        0x00000000   Number         0  libshutdown2.o ABSOLUTE
    ../clib/libinit.s                        0x00000000   Number         0  libinit.o ABSOLUTE
    ../clib/libinit.s                        0x00000000   Number         0  libshutdown.o ABSOLUTE
    ../clib/libinit.s                        0x00000000   Number         0  libinit2.o ABSOLUTE
    ../clib/memcpset.s                       0x00000000   Number         0  rt_memcpy_w.o ABSOLUTE
    ../clib/signal.c                         0x00000000   Number         0  defsig_rtmem_formal.o ABSOLUTE
    ../clib/signal.c                         0x00000000   Number         0  defsig_rtmem_outer.o ABSOLUTE
    ../clib/signal.c                         0x00000000   Number         0  defsig_exit.o ABSOLUTE
    ../clib/signal.c                         0x00000000   Number         0  defsig_abrt_inner.o ABSOLUTE
    ../clib/signal.c                         0x00000000   Number         0  defsig_other.o ABSOLUTE
    ../clib/signal.c                         0x00000000   Number         0  defsig_segv_inner.o ABSOLUTE
    ../clib/signal.c                         0x00000000   Number         0  defsig_cppl_inner.o ABSOLUTE
    ../clib/signal.c                         0x00000000   Number         0  defsig_pvfn_inner.o ABSOLUTE
    ../clib/signal.c                         0x00000000   Number         0  defsig_stak_inner.o ABSOLUTE
    ../clib/signal.c                         0x00000000   Number         0  defsig_rtred_inner.o ABSOLUTE
    ../clib/signal.c                         0x00000000   Number         0  defsig_fpe_inner.o ABSOLUTE
    ../clib/signal.c                         0x00000000   Number         0  defsig_general.o ABSOLUTE
    ../clib/signal.c                         0x00000000   Number         0  __raise.o ABSOLUTE
    ../clib/signal.c                         0x00000000   Number         0  defsig_rtmem_inner.o ABSOLUTE
    ../clib/signal.s                         0x00000000   Number         0  defsig.o ABSOLUTE
    ../clib/stdlib.c                         0x00000000   Number         0  exit.o ABSOLUTE
    ../fplib/fpinit.s                        0x00000000   Number         0  fpinit.o ABSOLUTE
    ADC.c                                    0x00000000   Number         0  adc.o ABSOLUTE
    ButtonInput.c                            0x00000000   Number         0  buttoninput.o ABSOLUTE
    Characters.c                             0x00000000   Number         0  characters.o ABSOLUTE
    DAC.c                                    0x00000000   Number         0  dac.o ABSOLUTE
    LCD.s                                    0x00000000   Number         0  lcd.o ABSOLUTE
    PLL.c                                    0x00000000   Number         0  pll.o ABSOLUTE
    Print.s                                  0x00000000   Number         0  print.o ABSOLUTE
    ST7735.c                                 0x00000000   Number         0  st7735.o ABSOLUTE
    Sound.c                                  0x00000000   Number         0  sound.o ABSOLUTE
    SpaceInvaders.c                          0x00000000   Number         0  spaceinvaders.o ABSOLUTE
    Timer0.c                                 0x00000000   Number         0  timer0.o ABSOLUTE
    Timer1.c                                 0x00000000   Number         0  timer1.o ABSOLUTE
    dc.s                                     0x00000000   Number         0  dc.o ABSOLUTE
    portInit.c                               0x00000000   Number         0  portinit.o ABSOLUTE
    random.s                                 0x00000000   Number         0  random.o ABSOLUTE
    startup.s                                0x00000000   Number         0  startup.o ABSOLUTE
    !!!main                                  0x00000284   Section        8  __main.o(!!!main)
    !!!scatter                               0x0000028c   Section       52  __scatter.o(!!!scatter)
    !!handler_copy                           0x000002c0   Section       26  __scatter_copy.o(!!handler_copy)
    !!handler_zi                             0x000002dc   Section       28  __scatter_zi.o(!!handler_zi)
    .ARM.Collect$$libinit$$00000000          0x000002f8   Section        2  libinit.o(.ARM.Collect$$libinit$$00000000)
    .ARM.Collect$$libinit$$00000002          0x000002fa   Section        0  libinit2.o(.ARM.Collect$$libinit$$00000002)
    .ARM.Collect$$libinit$$00000004          0x000002fa   Section        0  libinit2.o(.ARM.Collect$$libinit$$00000004)
    .ARM.Collect$$libinit$$0000000A          0x000002fa   Section        0  libinit2.o(.ARM.Collect$$libinit$$0000000A)
    .ARM.Collect$$libinit$$0000000C          0x000002fa   Section        0  libinit2.o(.ARM.Collect$$libinit$$0000000C)
    .ARM.Collect$$libinit$$0000000E          0x000002fa   Section        0  libinit2.o(.ARM.Collect$$libinit$$0000000E)
    .ARM.Collect$$libinit$$00000011          0x000002fa   Section        0  libinit2.o(.ARM.Collect$$libinit$$00000011)
    .ARM.Collect$$libinit$$00000013          0x000002fa   Section        0  libinit2.o(.ARM.Collect$$libinit$$00000013)
    .ARM.Collect$$libinit$$00000015          0x000002fa   Section        0  libinit2.o(.ARM.Collect$$libinit$$00000015)
    .ARM.Collect$$libinit$$00000017          0x000002fa   Section        0  libinit2.o(.ARM.Collect$$libinit$$00000017)
    .ARM.Collect$$libinit$$00000019          0x000002fa   Section        0  libinit2.o(.ARM.Collect$$libinit$$00000019)
    .ARM.Collect$$libinit$$0000001B          0x000002fa   Section        0  libinit2.o(.ARM.Collect$$libinit$$0000001B)
    .ARM.Collect$$libinit$$0000001D          0x000002fa   Section        0  libinit2.o(.ARM.Collect$$libinit$$0000001D)
    .ARM.Collect$$libinit$$0000001F          0x000002fa   Section        0  libinit2.o(.ARM.Collect$$libinit$$0000001F)
    .ARM.Collect$$libinit$$00000021          0x000002fa   Section        0  libinit2.o(.ARM.Collect$$libinit$$00000021)
    .ARM.Collect$$libinit$$00000023          0x000002fa   Section        0  libinit2.o(.ARM.Collect$$libinit$$00000023)
    .ARM.Collect$$libinit$$00000025          0x000002fa   Section        0  libinit2.o(.ARM.Collect$$libinit$$00000025)
    .ARM.Collect$$libinit$$0000002C          0x000002fa   Section        0  libinit2.o(.ARM.Collect$$libinit$$0000002C)
    .ARM.Collect$$libinit$$0000002E          0x000002fa   Section        0  libinit2.o(.ARM.Collect$$libinit$$0000002E)
    .ARM.Collect$$libinit$$00000030          0x000002fa   Section        0  libinit2.o(.ARM.Collect$$libinit$$00000030)
    .ARM.Collect$$libinit$$00000032          0x000002fa   Section        0  libinit2.o(.ARM.Collect$$libinit$$00000032)
    .ARM.Collect$$libinit$$00000033          0x000002fa   Section        2  libinit2.o(.ARM.Collect$$libinit$$00000033)
    .ARM.Collect$$libshutdown$$00000000      0x000002fc   Section        2  libshutdown.o(.ARM.Collect$$libshutdown$$00000000)
    .ARM.Collect$$libshutdown$$00000002      0x000002fe   Section        0  libshutdown2.o(.ARM.Collect$$libshutdown$$00000002)
    .ARM.Collect$$libshutdown$$00000004      0x000002fe   Section        0  libshutdown2.o(.ARM.Collect$$libshutdown$$00000004)
    .ARM.Collect$$libshutdown$$00000007      0x000002fe   Section        0  libshutdown2.o(.ARM.Collect$$libshutdown$$00000007)
    .ARM.Collect$$libshutdown$$0000000A      0x000002fe   Section        0  libshutdown2.o(.ARM.Collect$$libshutdown$$0000000A)
    .ARM.Collect$$libshutdown$$0000000C      0x000002fe   Section        0  libshutdown2.o(.ARM.Collect$$libshutdown$$0000000C)
    .ARM.Collect$$libshutdown$$0000000F      0x000002fe   Section        0  libshutdown2.o(.ARM.Collect$$libshutdown$$0000000F)
    .ARM.Collect$$libshutdown$$00000010      0x000002fe   Section        2  libshutdown2.o(.ARM.Collect$$libshutdown$$00000010)
    .ARM.Collect$$rtentry$$00000000          0x00000300   Section        0  __rtentry.o(.ARM.Collect$$rtentry$$00000000)
    .ARM.Collect$$rtentry$$00000002          0x00000300   Section        0  __rtentry2.o(.ARM.Collect$$rtentry$$00000002)
    .ARM.Collect$$rtentry$$00000004          0x00000300   Section        6  __rtentry4.o(.ARM.Collect$$rtentry$$00000004)
    .ARM.Collect$$rtentry$$00000009          0x00000306   Section        0  __rtentry2.o(.ARM.Collect$$rtentry$$00000009)
    .ARM.Collect$$rtentry$$0000000A          0x00000306   Section        4  __rtentry2.o(.ARM.Collect$$rtentry$$0000000A)
    .ARM.Collect$$rtentry$$0000000C          0x0000030a   Section        0  __rtentry2.o(.ARM.Collect$$rtentry$$0000000C)
    .ARM.Collect$$rtentry$$0000000D          0x0000030a   Section        8  __rtentry2.o(.ARM.Collect$$rtentry$$0000000D)
    .ARM.Collect$$rtexit$$00000000           0x00000312   Section        2  rtexit.o(.ARM.Collect$$rtexit$$00000000)
    .ARM.Collect$$rtexit$$00000002           0x00000314   Section        0  rtexit2.o(.ARM.Collect$$rtexit$$00000002)
    .ARM.Collect$$rtexit$$00000003           0x00000314   Section        4  rtexit2.o(.ARM.Collect$$rtexit$$00000003)
    .ARM.Collect$$rtexit$$00000004           0x00000318   Section        6  rtexit2.o(.ARM.Collect$$rtexit$$00000004)
    .text                                    0x00000320   Section       48  startup.o(.text)
    .text                                    0x00000350   Section       96  lcd.o(.text)
    .text                                    0x000003b0   Section      724  print.o(.text)
    allNines                                 0x000003b0   Data           4  print.o(.text)
    .text                                    0x00000684   Section      100  rt_memcpy_w.o(.text)
    .text                                    0x000006e8   Section        0  heapauxi.o(.text)
    .text                                    0x000006ee   Section       74  sys_stackheap_outer.o(.text)
    .text                                    0x00000738   Section        0  exit.o(.text)
    .text                                    0x0000074c   Section        8  libspace.o(.text)
    .text                                    0x00000754   Section        0  sys_exit.o(.text)
    .text                                    0x00000760   Section        2  use_no_semi.o(.text)
    .text                                    0x00000762   Section        0  indicate_semi.o(.text)
    i.ADC_In                                 0x00000764   Section        0  adc.o(i.ADC_In)
    i.ADC_Init                               0x00000790   Section        0  adc.o(i.ADC_Init)
    i.Convert                                0x000008a8   Section        0  spaceinvaders.o(i.Convert)
    i.DAC_Init                               0x000008c4   Section        0  dac.o(i.DAC_Init)
    i.DAC_Out                                0x0000091c   Section        0  dac.o(i.DAC_Out)
    i.Delay100ms                             0x00000928   Section        0  spaceinvaders.o(i.Delay100ms)
    i.Delay1ms                               0x0000094c   Section        0  st7735.o(i.Delay1ms)
    i.Delay1msa                              0x0000096c   Section        0  buttoninput.o(i.Delay1msa)
    i.Delay1msb                              0x0000098c   Section        0  portinit.o(i.Delay1msb)
    i.GPIOPortC_Handler                      0x000009ac   Section        0  buttoninput.o(i.GPIOPortC_Handler)
    i.GPIOPortE_Handler                      0x00000a44   Section        0  buttoninput.o(i.GPIOPortE_Handler)
    i.GPIOPortF_Handler                      0x00000ad8   Section        0  spaceinvaders.o(i.GPIOPortF_Handler)
    i.Output_Init                            0x00000afc   Section        0  st7735.o(i.Output_Init)
    i.PLL_Init                               0x00000b0c   Section        0  pll.o(i.PLL_Init)
    i.ST7735_DrawBitmap                      0x00000b88   Section        0  st7735.o(i.ST7735_DrawBitmap)
    i.ST7735_DrawCharS                       0x00000ca8   Section        0  st7735.o(i.ST7735_DrawCharS)
    i.ST7735_DrawPixel                       0x00000da0   Section        0  st7735.o(i.ST7735_DrawPixel)
    i.ST7735_DrawString                      0x00000de8   Section        0  st7735.o(i.ST7735_DrawString)
    i.ST7735_FillRect                        0x00000e40   Section        0  st7735.o(i.ST7735_FillRect)
    i.ST7735_FillScreen                      0x00000eec   Section        0  st7735.o(i.ST7735_FillScreen)
    i.ST7735_InitR                           0x00000f10   Section        0  st7735.o(i.ST7735_InitR)
    i.ST7735_OutChar                         0x00000f8c   Section        0  st7735.o(i.ST7735_OutChar)
    i.ST7735_OutString                       0x00001060   Section        0  st7735.o(i.ST7735_OutString)
    i.ST7735_SetCursor                       0x00001078   Section        0  st7735.o(i.ST7735_SetCursor)
    i.SysTick_Handler                        0x00001098   Section        0  spaceinvaders.o(i.SysTick_Handler)
    i.SysTick_Init                           0x000010b4   Section        0  spaceinvaders.o(i.SysTick_Init)
    i.Timer0A_Handler                        0x000010e0   Section        0  timer0.o(i.Timer0A_Handler)
    i.Timer0_Init                            0x000010f8   Section        0  timer0.o(i.Timer0_Init)
    i.Timer1A_Handler                        0x00001158   Section        0  timer1.o(i.Timer1A_Handler)
    i.characterInit                          0x00001170   Section        0  characters.o(i.characterInit)
    i.checkPlayer1                           0x0000119c   Section        0  buttoninput.o(i.checkPlayer1)
    i.checkPlayer2                           0x000011e8   Section        0  buttoninput.o(i.checkPlayer2)
    i.commandList                            0x00001234   Section        0  st7735.o(i.commandList)
    commandList                              0x00001235   Thumb Code    86  st7735.o(i.commandList)
    i.commonInit                             0x0000128c   Section        0  st7735.o(i.commonInit)
    commonInit                               0x0000128d   Thumb Code   342  st7735.o(i.commonInit)
    i.main                                   0x00001414   Section        0  spaceinvaders.o(i.main)
    i.musicPlay                              0x00001f54   Section        0  timer0.o(i.musicPlay)
    i.portCEdgeInit                          0x00001f84   Section        0  portinit.o(i.portCEdgeInit)
    i.portEEdgeInit                          0x00002084   Section        0  portinit.o(i.portEEdgeInit)
    i.portNoEdgeInit                         0x00002180   Section        0  portinit.o(i.portNoEdgeInit)
    i.pushColor                              0x00002230   Section        0  st7735.o(i.pushColor)
    pushColor                                0x00002231   Thumb Code    18  st7735.o(i.pushColor)
    i.randomInput                            0x00002244   Section        0  buttoninput.o(i.randomInput)
    i.setAddrWindow                          0x00002344   Section        0  st7735.o(i.setAddrWindow)
    setAddrWindow                            0x00002345   Thumb Code   106  st7735.o(i.setAddrWindow)
    i.testInput                              0x000023b8   Section        0  buttoninput.o(i.testInput)
    i.waitForPress                           0x000023cc   Section        0  portinit.o(i.waitForPress)
    .constdata                               0x00002418   Section    59329  sound.o(.constdata)
    .constdata                               0x00010bda   Section    29142  spaceinvaders.o(.constdata)
    .constdata                               0x00017db0   Section     2018  st7735.o(.constdata)
    Font                                     0x00017db0   Data        1275  st7735.o(.constdata)
    Bcmd                                     0x000182ab   Data         103  st7735.o(.constdata)
    Rcmd1                                    0x00018312   Data          59  st7735.o(.constdata)
    Rcmd2green                               0x0001834d   Data          13  st7735.o(.constdata)
    Rcmd2red                                 0x0001835a   Data          13  st7735.o(.constdata)
    Rcmd3                                    0x00018367   Data          43  st7735.o(.constdata)
    .constdata                               0x00018594   Section       18  buttoninput.o(.constdata)
    .data                                    0x20000000   Section        8  timer0.o(.data)
    .data                                    0x20000008   Section        4  timer1.o(.data)
    .data                                    0x2000000c   Section       16  spaceinvaders.o(.data)
    .data                                    0x2000001c   Section       44  st7735.o(.data)
    ColStart                                 0x20000026   Data           1  st7735.o(.data)
    RowStart                                 0x20000027   Data           1  st7735.o(.data)
    Rotation                                 0x20000028   Data           1  st7735.o(.data)
    TabColor                                 0x20000029   Data           1  st7735.o(.data)
    _width                                   0x2000002a   Data           2  st7735.o(.data)
    _height                                  0x2000002c   Data           2  st7735.o(.data)
    .data                                    0x20000048   Section        8  buttoninput.o(.data)
    .bss                                     0x20000050   Section       24  characters.o(.bss)
    .bss                                     0x20000068   Section       96  libspace.o(.bss)
    HEAP                                     0x200000c8   Section        0  startup.o(HEAP)
    STACK                                    0x200000c8   Section     1024  startup.o(STACK)
    HeapMem                                  0x200000c8   Data           0  startup.o(HEAP)
    StackMem                                 0x200000c8   Data           0  startup.o(STACK)

    Global Symbols

    Symbol Name                              Value     Ov Type        Size  Object(Section)

    BuildAttributes$$THM_ISAv4$E$P$D$K$B$S$7EM$PE$A:L22UL41UL21$X:L11$S22US41US21$IEEE1$IW$USESV6$~STKCKD$USESV7$~SHL$OSPACE$ROPI$EBA8$UX$STANDARDLIB$REQ8$PRES8$EABIv2 0x00000000   Number         0  anon$$obj.o ABSOLUTE
    __ARM_use_no_argv                        0x00000000   Number         0  spaceinvaders.o ABSOLUTE
    __Vectors                                0x00000000   Data           0  startup.o(RESET)
    __ARM_exceptions_init                     - Undefined Weak Reference
    __alloca_initialize                       - Undefined Weak Reference
    __arm_preinit_                            - Undefined Weak Reference
    __cpp_initialize__aeabi_                  - Undefined Weak Reference
    __cxa_finalize                            - Undefined Weak Reference
    __rt_locale                               - Undefined Weak Reference
    __sigvec_lookup                           - Undefined Weak Reference
    _atexit_init                              - Undefined Weak Reference
    _call_atexit_fns                          - Undefined Weak Reference
    _clock_init                               - Undefined Weak Reference
    _fp_trap_init                             - Undefined Weak Reference
    _fp_trap_shutdown                         - Undefined Weak Reference
    _get_lc_collate                           - Undefined Weak Reference
    _get_lc_ctype                             - Undefined Weak Reference
    _get_lc_monetary                          - Undefined Weak Reference
    _get_lc_numeric                           - Undefined Weak Reference
    _get_lc_time                              - Undefined Weak Reference
    _getenv_init                              - Undefined Weak Reference
    _handle_redirection                       - Undefined Weak Reference
    _init_alloc                               - Undefined Weak Reference
    _init_user_alloc                          - Undefined Weak Reference
    _initio                                   - Undefined Weak Reference
    _rand_init                                - Undefined Weak Reference
    _signal_finish                            - Undefined Weak Reference
    _signal_init                              - Undefined Weak Reference
    _terminate_alloc                          - Undefined Weak Reference
    _terminate_user_alloc                     - Undefined Weak Reference
    _terminateio                              - Undefined Weak Reference
    Reset_Handler                            0x0000026d   Thumb Code     0  startup.o(RESET)
    NMI_Handler                              0x00000271   Thumb Code     2  startup.o(RESET)
    HardFault_Handler                        0x00000273   Thumb Code     2  startup.o(RESET)
    MemManage_Handler                        0x00000275   Thumb Code     2  startup.o(RESET)
    BusFault_Handler                         0x00000277   Thumb Code     2  startup.o(RESET)
    UsageFault_Handler                       0x00000279   Thumb Code     2  startup.o(RESET)
    SVC_Handler                              0x0000027b   Thumb Code     2  startup.o(RESET)
    DebugMon_Handler                         0x0000027d   Thumb Code     2  startup.o(RESET)
    PendSV_Handler                           0x0000027f   Thumb Code     2  startup.o(RESET)
    ADC0Seq0_Handler                         0x00000283   Thumb Code     0  startup.o(RESET)
    ADC0Seq1_Handler                         0x00000283   Thumb Code     0  startup.o(RESET)
    ADC0Seq2_Handler                         0x00000283   Thumb Code     0  startup.o(RESET)
    ADC0Seq3_Handler                         0x00000283   Thumb Code     0  startup.o(RESET)
    ADC1Seq0_Handler                         0x00000283   Thumb Code     0  startup.o(RESET)
    ADC1Seq1_Handler                         0x00000283   Thumb Code     0  startup.o(RESET)
    ADC1Seq2_Handler                         0x00000283   Thumb Code     0  startup.o(RESET)
    ADC1Seq3_Handler                         0x00000283   Thumb Code     0  startup.o(RESET)
    CAN0_Handler                             0x00000283   Thumb Code     0  startup.o(RESET)
    CAN1_Handler                             0x00000283   Thumb Code     0  startup.o(RESET)
    CAN2_Handler                             0x00000283   Thumb Code     0  startup.o(RESET)
    Comp0_Handler                            0x00000283   Thumb Code     0  startup.o(RESET)
    Comp1_Handler                            0x00000283   Thumb Code     0  startup.o(RESET)
    Comp2_Handler                            0x00000283   Thumb Code     0  startup.o(RESET)
    Ethernet_Handler                         0x00000283   Thumb Code     0  startup.o(RESET)
    ExtBus_Handler                           0x00000283   Thumb Code     0  startup.o(RESET)
    FPU_Handler                              0x00000283   Thumb Code     0  startup.o(RESET)
    Fan0_Handler                             0x00000283   Thumb Code     0  startup.o(RESET)
    FlashCtl_Handler                         0x00000283   Thumb Code     0  startup.o(RESET)
    GPIOPortA_Handler                        0x00000283   Thumb Code     0  startup.o(RESET)
    GPIOPortB_Handler                        0x00000283   Thumb Code     0  startup.o(RESET)
    GPIOPortD_Handler                        0x00000283   Thumb Code     0  startup.o(RESET)
    GPIOPortG_Handler                        0x00000283   Thumb Code     0  startup.o(RESET)
    GPIOPortH_Handler                        0x00000283   Thumb Code     0  startup.o(RESET)
    GPIOPortJ_Handler                        0x00000283   Thumb Code     0  startup.o(RESET)
    GPIOPortK_Handler                        0x00000283   Thumb Code     0  startup.o(RESET)
    GPIOPortL_Handler                        0x00000283   Thumb Code     0  startup.o(RESET)
    GPIOPortM_Handler                        0x00000283   Thumb Code     0  startup.o(RESET)
    GPIOPortN_Handler                        0x00000283   Thumb Code     0  startup.o(RESET)
    GPIOPortP1_Handler                       0x00000283   Thumb Code     0  startup.o(RESET)
    GPIOPortP2_Handler                       0x00000283   Thumb Code     0  startup.o(RESET)
    GPIOPortP3_Handler                       0x00000283   Thumb Code     0  startup.o(RESET)
    GPIOPortP4_Handler                       0x00000283   Thumb Code     0  startup.o(RESET)
    GPIOPortP5_Handler                       0x00000283   Thumb Code     0  startup.o(RESET)
    GPIOPortP6_Handler                       0x00000283   Thumb Code     0  startup.o(RESET)
    GPIOPortP7_Handler                       0x00000283   Thumb Code     0  startup.o(RESET)
    GPIOPortP_Handler                        0x00000283   Thumb Code     0  startup.o(RESET)
    GPIOPortQ1_Handler                       0x00000283   Thumb Code     0  startup.o(RESET)
    GPIOPortQ2_Handler                       0x00000283   Thumb Code     0  startup.o(RESET)
    GPIOPortQ3_Handler                       0x00000283   Thumb Code     0  startup.o(RESET)
    GPIOPortQ4_Handler                       0x00000283   Thumb Code     0  startup.o(RESET)
    GPIOPortQ5_Handler                       0x00000283   Thumb Code     0  startup.o(RESET)
    GPIOPortQ6_Handler                       0x00000283   Thumb Code     0  startup.o(RESET)
    GPIOPortQ7_Handler                       0x00000283   Thumb Code     0  startup.o(RESET)
    GPIOPortQ_Handler                        0x00000283   Thumb Code     0  startup.o(RESET)
    GPIOPortR_Handler                        0x00000283   Thumb Code     0  startup.o(RESET)
    GPIOPortS_Handler                        0x00000283   Thumb Code     0  startup.o(RESET)
    Hibernate_Handler                        0x00000283   Thumb Code     0  startup.o(RESET)
    I2C0_Handler                             0x00000283   Thumb Code     0  startup.o(RESET)
    I2C1_Handler                             0x00000283   Thumb Code     0  startup.o(RESET)
    I2C2_Handler                             0x00000283   Thumb Code     0  startup.o(RESET)
    I2C3_Handler                             0x00000283   Thumb Code     0  startup.o(RESET)
    I2C4_Handler                             0x00000283   Thumb Code     0  startup.o(RESET)
    I2C5_Handler                             0x00000283   Thumb Code     0  startup.o(RESET)
    I2S0_Handler                             0x00000283   Thumb Code     0  startup.o(RESET)
    LPC0_Handler                             0x00000283   Thumb Code     0  startup.o(RESET)
    PECI0_Handler                            0x00000283   Thumb Code     0  startup.o(RESET)
    PWM0Fault_Handler                        0x00000283   Thumb Code     0  startup.o(RESET)
    PWM0Generator0_Handler                   0x00000283   Thumb Code     0  startup.o(RESET)
    PWM0Generator1_Handler                   0x00000283   Thumb Code     0  startup.o(RESET)
    PWM0Generator2_Handler                   0x00000283   Thumb Code     0  startup.o(RESET)
    PWM0Generator3_Handler                   0x00000283   Thumb Code     0  startup.o(RESET)
    PWM1Fault_Handler                        0x00000283   Thumb Code     0  startup.o(RESET)
    PWM1Generator0_Handler                   0x00000283   Thumb Code     0  startup.o(RESET)
    PWM1Generator1_Handler                   0x00000283   Thumb Code     0  startup.o(RESET)
    PWM1Generator2_Handler                   0x00000283   Thumb Code     0  startup.o(RESET)
    PWM1Generator3_Handler                   0x00000283   Thumb Code     0  startup.o(RESET)
    Quadrature0_Handler                      0x00000283   Thumb Code     0  startup.o(RESET)
    Quadrature1_Handler                      0x00000283   Thumb Code     0  startup.o(RESET)
    Quadrature2_Handler                      0x00000283   Thumb Code     0  startup.o(RESET)
    SSI0_Handler                             0x00000283   Thumb Code     0  startup.o(RESET)
    SSI1_Handler                             0x00000283   Thumb Code     0  startup.o(RESET)
    SSI2_Handler                             0x00000283   Thumb Code     0  startup.o(RESET)
    SSI3_Handler                             0x00000283   Thumb Code     0  startup.o(RESET)
    SysCtl_Handler                           0x00000283   Thumb Code     0  startup.o(RESET)
    Timer0B_Handler                          0x00000283   Thumb Code     0  startup.o(RESET)
    Timer1B_Handler                          0x00000283   Thumb Code     0  startup.o(RESET)
    Timer2A_Handler                          0x00000283   Thumb Code     0  startup.o(RESET)
    Timer2B_Handler                          0x00000283   Thumb Code     0  startup.o(RESET)
    Timer3A_Handler                          0x00000283   Thumb Code     0  startup.o(RESET)
    Timer3B_Handler                          0x00000283   Thumb Code     0  startup.o(RESET)
    Timer4A_Handler                          0x00000283   Thumb Code     0  startup.o(RESET)
    Timer4B_Handler                          0x00000283   Thumb Code     0  startup.o(RESET)
    Timer5A_Handler                          0x00000283   Thumb Code     0  startup.o(RESET)
    Timer5B_Handler                          0x00000283   Thumb Code     0  startup.o(RESET)
    UART0_Handler                            0x00000283   Thumb Code     0  startup.o(RESET)
    UART1_Handler                            0x00000283   Thumb Code     0  startup.o(RESET)
    UART2_Handler                            0x00000283   Thumb Code     0  startup.o(RESET)
    UART3_Handler                            0x00000283   Thumb Code     0  startup.o(RESET)
    UART4_Handler                            0x00000283   Thumb Code     0  startup.o(RESET)
    UART5_Handler                            0x00000283   Thumb Code     0  startup.o(RESET)
    UART6_Handler                            0x00000283   Thumb Code     0  startup.o(RESET)
    UART7_Handler                            0x00000283   Thumb Code     0  startup.o(RESET)
    USB0_Handler                             0x00000283   Thumb Code     0  startup.o(RESET)
    WDT_Handler                              0x00000283   Thumb Code     0  startup.o(RESET)
    WideTimer0A_Handler                      0x00000283   Thumb Code     0  startup.o(RESET)
    WideTimer0B_Handler                      0x00000283   Thumb Code     0  startup.o(RESET)
    WideTimer1A_Handler                      0x00000283   Thumb Code     0  startup.o(RESET)
    WideTimer1B_Handler                      0x00000283   Thumb Code     0  startup.o(RESET)
    WideTimer2A_Handler                      0x00000283   Thumb Code     0  startup.o(RESET)
    WideTimer2B_Handler                      0x00000283   Thumb Code     0  startup.o(RESET)
    WideTimer3A_Handler                      0x00000283   Thumb Code     0  startup.o(RESET)
    WideTimer3B_Handler                      0x00000283   Thumb Code     0  startup.o(RESET)
    WideTimer4A_Handler                      0x00000283   Thumb Code     0  startup.o(RESET)
    WideTimer4B_Handler                      0x00000283   Thumb Code     0  startup.o(RESET)
    WideTimer5A_Handler                      0x00000283   Thumb Code     0  startup.o(RESET)
    WideTimer5B_Handler                      0x00000283   Thumb Code     0  startup.o(RESET)
    uDMA_Error                               0x00000283   Thumb Code     0  startup.o(RESET)
    uDMA_Handler                             0x00000283   Thumb Code     0  startup.o(RESET)
    __main                                   0x00000285   Thumb Code     8  __main.o(!!!main)
    __scatterload                            0x0000028d   Thumb Code     0  __scatter.o(!!!scatter)
    __scatterload_rt2                        0x0000028d   Thumb Code    44  __scatter.o(!!!scatter)
    __scatterload_rt2_thumb_only             0x0000028d   Thumb Code     0  __scatter.o(!!!scatter)
    __scatterload_null                       0x0000029b   Thumb Code     0  __scatter.o(!!!scatter)
    __scatterload_copy                       0x000002c1   Thumb Code    26  __scatter_copy.o(!!handler_copy)
    __scatterload_zeroinit                   0x000002dd   Thumb Code    28  __scatter_zi.o(!!handler_zi)
    __rt_lib_init                            0x000002f9   Thumb Code     0  libinit.o(.ARM.Collect$$libinit$$00000000)
    __rt_lib_init_alloca_1                   0x000002fb   Thumb Code     0  libinit2.o(.ARM.Collect$$libinit$$0000002E)
    __rt_lib_init_argv_1                     0x000002fb   Thumb Code     0  libinit2.o(.ARM.Collect$$libinit$$0000002C)
    __rt_lib_init_atexit_1                   0x000002fb   Thumb Code     0  libinit2.o(.ARM.Collect$$libinit$$0000001B)
    __rt_lib_init_clock_1                    0x000002fb   Thumb Code     0  libinit2.o(.ARM.Collect$$libinit$$00000021)
    __rt_lib_init_cpp_1                      0x000002fb   Thumb Code     0  libinit2.o(.ARM.Collect$$libinit$$00000032)
    __rt_lib_init_exceptions_1               0x000002fb   Thumb Code     0  libinit2.o(.ARM.Collect$$libinit$$00000030)
    __rt_lib_init_fp_1                       0x000002fb   Thumb Code     0  libinit2.o(.ARM.Collect$$libinit$$00000002)
    __rt_lib_init_fp_trap_1                  0x000002fb   Thumb Code     0  libinit2.o(.ARM.Collect$$libinit$$0000001F)
    __rt_lib_init_getenv_1                   0x000002fb   Thumb Code     0  libinit2.o(.ARM.Collect$$libinit$$00000023)
    __rt_lib_init_heap_1                     0x000002fb   Thumb Code     0  libinit2.o(.ARM.Collect$$libinit$$0000000A)
    __rt_lib_init_lc_collate_1               0x000002fb   Thumb Code     0  libinit2.o(.ARM.Collect$$libinit$$00000011)
    __rt_lib_init_lc_ctype_1                 0x000002fb   Thumb Code     0  libinit2.o(.ARM.Collect$$libinit$$00000013)
    __rt_lib_init_lc_monetary_1              0x000002fb   Thumb Code     0  libinit2.o(.ARM.Collect$$libinit$$00000015)
    __rt_lib_init_lc_numeric_1               0x000002fb   Thumb Code     0  libinit2.o(.ARM.Collect$$libinit$$00000017)
    __rt_lib_init_lc_time_1                  0x000002fb   Thumb Code     0  libinit2.o(.ARM.Collect$$libinit$$00000019)
    __rt_lib_init_preinit_1                  0x000002fb   Thumb Code     0  libinit2.o(.ARM.Collect$$libinit$$00000004)
    __rt_lib_init_rand_1                     0x000002fb   Thumb Code     0  libinit2.o(.ARM.Collect$$libinit$$0000000E)
    __rt_lib_init_return                     0x000002fb   Thumb Code     0  libinit2.o(.ARM.Collect$$libinit$$00000033)
    __rt_lib_init_signal_1                   0x000002fb   Thumb Code     0  libinit2.o(.ARM.Collect$$libinit$$0000001D)
    __rt_lib_init_stdio_1                    0x000002fb   Thumb Code     0  libinit2.o(.ARM.Collect$$libinit$$00000025)
    __rt_lib_init_user_alloc_1               0x000002fb   Thumb Code     0  libinit2.o(.ARM.Collect$$libinit$$0000000C)
    __rt_lib_shutdown                        0x000002fd   Thumb Code     0  libshutdown.o(.ARM.Collect$$libshutdown$$00000000)
    __rt_lib_shutdown_cpp_1                  0x000002ff   Thumb Code     0  libshutdown2.o(.ARM.Collect$$libshutdown$$00000002)
    __rt_lib_shutdown_fp_trap_1              0x000002ff   Thumb Code     0  libshutdown2.o(.ARM.Collect$$libshutdown$$00000007)
    __rt_lib_shutdown_heap_1                 0x000002ff   Thumb Code     0  libshutdown2.o(.ARM.Collect$$libshutdown$$0000000F)
    __rt_lib_shutdown_return                 0x000002ff   Thumb Code     0  libshutdown2.o(.ARM.Collect$$libshutdown$$00000010)
    __rt_lib_shutdown_signal_1               0x000002ff   Thumb Code     0  libshutdown2.o(.ARM.Collect$$libshutdown$$0000000A)
    __rt_lib_shutdown_stdio_1                0x000002ff   Thumb Code     0  libshutdown2.o(.ARM.Collect$$libshutdown$$00000004)
    __rt_lib_shutdown_user_alloc_1           0x000002ff   Thumb Code     0  libshutdown2.o(.ARM.Collect$$libshutdown$$0000000C)
    __rt_entry                               0x00000301   Thumb Code     0  __rtentry.o(.ARM.Collect$$rtentry$$00000000)
    __rt_entry_presh_1                       0x00000301   Thumb Code     0  __rtentry2.o(.ARM.Collect$$rtentry$$00000002)
    __rt_entry_sh                            0x00000301   Thumb Code     0  __rtentry4.o(.ARM.Collect$$rtentry$$00000004)
    __rt_entry_li                            0x00000307   Thumb Code     0  __rtentry2.o(.ARM.Collect$$rtentry$$0000000A)
    __rt_entry_postsh_1                      0x00000307   Thumb Code     0  __rtentry2.o(.ARM.Collect$$rtentry$$00000009)
    __rt_entry_main                          0x0000030b   Thumb Code     0  __rtentry2.o(.ARM.Collect$$rtentry$$0000000D)
    __rt_entry_postli_1                      0x0000030b   Thumb Code     0  __rtentry2.o(.ARM.Collect$$rtentry$$0000000C)
    __rt_exit                                0x00000313   Thumb Code     0  rtexit.o(.ARM.Collect$$rtexit$$00000000)
    __rt_exit_ls                             0x00000315   Thumb Code     0  rtexit2.o(.ARM.Collect$$rtexit$$00000003)
    __rt_exit_prels_1                        0x00000315   Thumb Code     0  rtexit2.o(.ARM.Collect$$rtexit$$00000002)
    __rt_exit_exit                           0x00000319   Thumb Code     0  rtexit2.o(.ARM.Collect$$rtexit$$00000004)
    DisableInterrupts                        0x00000321   Thumb Code     0  startup.o(.text)
    EnableInterrupts                         0x00000325   Thumb Code     0  startup.o(.text)
    StartCritical                            0x00000329   Thumb Code     0  startup.o(.text)
    EndCritical                              0x00000331   Thumb Code     0  startup.o(.text)
    WaitForInterrupt                         0x00000337   Thumb Code     0  startup.o(.text)
    __user_initial_stackheap                 0x0000033b   Thumb Code     0  startup.o(.text)
    writecommand                             0x00000351   Thumb Code     0  lcd.o(.text)
    writedata                                0x00000381   Thumb Code     0  lcd.o(.text)
    LCD_OutDec                               0x000003b9   Thumb Code     0  print.o(.text)
    LCD_OutFix                               0x00000559   Thumb Code     0  print.o(.text)
    __aeabi_memcpy4                          0x00000685   Thumb Code     0  rt_memcpy_w.o(.text)
    __aeabi_memcpy8                          0x00000685   Thumb Code     0  rt_memcpy_w.o(.text)
    __rt_memcpy_w                            0x00000685   Thumb Code   100  rt_memcpy_w.o(.text)
    _memcpy_lastbytes_aligned                0x000006cd   Thumb Code     0  rt_memcpy_w.o(.text)
    __use_two_region_memory                  0x000006e9   Thumb Code     2  heapauxi.o(.text)
    __rt_heap_escrow$2region                 0x000006eb   Thumb Code     2  heapauxi.o(.text)
    __rt_heap_expand$2region                 0x000006ed   Thumb Code     2  heapauxi.o(.text)
    __user_setup_stackheap                   0x000006ef   Thumb Code    74  sys_stackheap_outer.o(.text)
    exit                                     0x00000739   Thumb Code    18  exit.o(.text)
    __user_libspace                          0x0000074d   Thumb Code     8  libspace.o(.text)
    __user_perproc_libspace                  0x0000074d   Thumb Code     0  libspace.o(.text)
    __user_perthread_libspace                0x0000074d   Thumb Code     0  libspace.o(.text)
    _sys_exit                                0x00000755   Thumb Code     8  sys_exit.o(.text)
    __I$use$semihosting                      0x00000761   Thumb Code     0  use_no_semi.o(.text)
    __use_no_semihosting_swi                 0x00000761   Thumb Code     2  use_no_semi.o(.text)
    __semihosting_library_function           0x00000763   Thumb Code     0  indicate_semi.o(.text)
    ADC_In                                   0x00000765   Thumb Code    38  adc.o(i.ADC_In)
    ADC_Init                                 0x00000791   Thumb Code   258  adc.o(i.ADC_Init)
    Convert                                  0x000008a9   Thumb Code    24  spaceinvaders.o(i.Convert)
    DAC_Init                                 0x000008c5   Thumb Code    76  dac.o(i.DAC_Init)
    DAC_Out                                  0x0000091d   Thumb Code     6  dac.o(i.DAC_Out)
    Delay100ms                               0x00000929   Thumb Code    30  spaceinvaders.o(i.Delay100ms)
    Delay1ms                                 0x0000094d   Thumb Code    32  st7735.o(i.Delay1ms)
    Delay1msa                                0x0000096d   Thumb Code    32  buttoninput.o(i.Delay1msa)
    Delay1msb                                0x0000098d   Thumb Code    32  portinit.o(i.Delay1msb)
    GPIOPortC_Handler                        0x000009ad   Thumb Code   134  buttoninput.o(i.GPIOPortC_Handler)
    GPIOPortE_Handler                        0x00000a45   Thumb Code   132  buttoninput.o(i.GPIOPortE_Handler)
    GPIOPortF_Handler                        0x00000ad9   Thumb Code    28  spaceinvaders.o(i.GPIOPortF_Handler)
    Output_Init                              0x00000afd   Thumb Code    16  st7735.o(i.Output_Init)
    PLL_Init                                 0x00000b0d   Thumb Code   120  pll.o(i.PLL_Init)
    ST7735_DrawBitmap                        0x00000b89   Thumb Code   280  st7735.o(i.ST7735_DrawBitmap)
    ST7735_DrawCharS                         0x00000ca9   Thumb Code   236  st7735.o(i.ST7735_DrawCharS)
    ST7735_DrawPixel                         0x00000da1   Thumb Code    64  st7735.o(i.ST7735_DrawPixel)
    ST7735_DrawString                        0x00000de9   Thumb Code    86  st7735.o(i.ST7735_DrawString)
    ST7735_FillRect                          0x00000e41   Thumb Code   164  st7735.o(i.ST7735_FillRect)
    ST7735_FillScreen                        0x00000eed   Thumb Code    28  st7735.o(i.ST7735_FillScreen)
    ST7735_InitR                             0x00000f11   Thumb Code    90  st7735.o(i.ST7735_InitR)
    ST7735_OutChar                           0x00000f8d   Thumb Code   176  st7735.o(i.ST7735_OutChar)
    ST7735_OutString                         0x00001061   Thumb Code    24  st7735.o(i.ST7735_OutString)
    ST7735_SetCursor                         0x00001079   Thumb Code    22  st7735.o(i.ST7735_SetCursor)
    SysTick_Handler                          0x00001099   Thumb Code    18  spaceinvaders.o(i.SysTick_Handler)
    SysTick_Init                             0x000010b5   Thumb Code    34  spaceinvaders.o(i.SysTick_Init)
    Timer0A_Handler                          0x000010e1   Thumb Code    16  timer0.o(i.Timer0A_Handler)
    Timer0_Init                              0x000010f9   Thumb Code    74  timer0.o(i.Timer0_Init)
    Timer1A_Handler                          0x00001159   Thumb Code    16  timer1.o(i.Timer1A_Handler)
    characterInit                            0x00001171   Thumb Code    34  characters.o(i.characterInit)
    checkPlayer1                             0x0000119d   Thumb Code    60  buttoninput.o(i.checkPlayer1)
    checkPlayer2                             0x000011e9   Thumb Code    60  buttoninput.o(i.checkPlayer2)
    main                                     0x00001415   Thumb Code  2808  spaceinvaders.o(i.main)
    musicPlay                                0x00001f55   Thumb Code    38  timer0.o(i.musicPlay)
    portCEdgeInit                            0x00001f85   Thumb Code   230  portinit.o(i.portCEdgeInit)
    portEEdgeInit                            0x00002085   Thumb Code   232  portinit.o(i.portEEdgeInit)
    portNoEdgeInit                           0x00002181   Thumb Code   152  portinit.o(i.portNoEdgeInit)
    randomInput                              0x00002245   Thumb Code   244  buttoninput.o(i.randomInput)
    testInput                                0x000023b9   Thumb Code    16  buttoninput.o(i.testInput)
    waitForPress                             0x000023cd   Thumb Code    70  portinit.o(i.waitForPress)
    shoot                                    0x00002418   Data        4080  sound.o(.constdata)
    invaderkilled                            0x00003408   Data        3377  sound.o(.constdata)
    explosion                                0x00004139   Data        2000  sound.o(.constdata)
    HeavyViolence                            0x00004909   Data       49872  sound.o(.constdata)
    Ninja1Flipped                            0x00010bda   Data        1320  spaceinvaders.o(.constdata)
    Ninja2Flipped                            0x00011102   Data        4420  spaceinvaders.o(.constdata)
    Ninja3Flipped                            0x00012246   Data        3240  spaceinvaders.o(.constdata)
    Ninja3                                   0x00012eee   Data        3240  spaceinvaders.o(.constdata)
    Ninja2                                   0x00013b96   Data        4420  spaceinvaders.o(.constdata)
    BattleOfTheInterrupts1                   0x00014cda   Data       10800  spaceinvaders.o(.constdata)
    Ninja1                                   0x0001770a   Data        1702  spaceinvaders.o(.constdata)
    dBfs                                     0x00018392   Data         512  st7735.o(.constdata)
    Region$$Table$$Base                      0x000185a8   Number         0  anon$$obj.o(Region$$Table)
    Region$$Table$$Limit                     0x000185c8   Number         0  anon$$obj.o(Region$$Table)
    PeriodicTask0                            0x20000000   Data           4  timer0.o(.data)
    indexOfWave                              0x20000004   Data           4  timer0.o(.data)
    PeriodicTask1                            0x20000008   Data           4  timer1.o(.data)
    Data                                     0x2000000c   Data           4  spaceinvaders.o(.data)
    Position                                 0x20000010   Data           4  spaceinvaders.o(.data)
    ADCMail                                  0x20000014   Data           2  spaceinvaders.o(.data)
    ADCstatus                                0x20000016   Data           1  spaceinvaders.o(.data)
    seed                                     0x20000018   Data           4  spaceinvaders.o(.data)
    StX                                      0x2000001c   Data           4  st7735.o(.data)
    StY                                      0x20000020   Data           4  st7735.o(.data)
    StTextColor                              0x20000024   Data           2  st7735.o(.data)
    Messageindex                             0x20000030   Data           4  st7735.o(.data)
    Ymax                                     0x20000034   Data           4  st7735.o(.data)
    Ymin                                     0x20000038   Data           4  st7735.o(.data)
    X                                        0x2000003c   Data           4  st7735.o(.data)
    Yrange                                   0x20000040   Data           4  st7735.o(.data)
    lastj                                    0x20000044   Data           4  st7735.o(.data)
    correctInput                             0x20000048   Data           4  buttoninput.o(.data)
    warrior1Index                            0x2000004c   Data           1  buttoninput.o(.data)
    warrior2Index                            0x2000004d   Data           1  buttoninput.o(.data)
    player1Victory                           0x2000004e   Data           1  buttoninput.o(.data)
    player2Victory                           0x2000004f   Data           1  buttoninput.o(.data)
    warrior1                                 0x20000050   Data          12  characters.o(.bss)
    warrior2                                 0x2000005c   Data          12  characters.o(.bss)
    __libspace_start                         0x20000068   Data          96  libspace.o(.bss)
    __temporary_stack_top$libspace           0x200000c8   Data           0  libspace.o(.bss)



==============================================================================

Memory Map of the image

  Image Entry point : 0x0000026d

  Load Region LR_1 (Base: 0x00000000, Size: 0x00018618, Max: 0xffffffff, ABSOLUTE)

    Execution Region ER_RO (Exec base: 0x00000000, Load base: 0x00000000, Size: 0x000185c8, Max: 0xffffffff, ABSOLUTE)

    Exec Addr    Load Addr    Size         Type   Attr      Idx    E Section Name        Object

    0x00000000   0x00000000   0x00000284   Code   RO            3  * RESET               startup.o
    0x00000284   0x00000284   0x00000008   Code   RO          661  * !!!main             c_w.l(__main.o)
    0x0000028c   0x0000028c   0x00000034   Code   RO          818    !!!scatter          c_w.l(__scatter.o)
    0x000002c0   0x000002c0   0x0000001a   Code   RO          820    !!handler_copy      c_w.l(__scatter_copy.o)
    0x000002da   0x000002da   0x00000002   PAD
    0x000002dc   0x000002dc   0x0000001c   Code   RO          822    !!handler_zi        c_w.l(__scatter_zi.o)
    0x000002f8   0x000002f8   0x00000002   Code   RO          688    .ARM.Collect$$libinit$$00000000  c_w.l(libinit.o)
    0x000002fa   0x000002fa   0x00000000   Code   RO          695    .ARM.Collect$$libinit$$00000002  c_w.l(libinit2.o)
    0x000002fa   0x000002fa   0x00000000   Code   RO          697    .ARM.Collect$$libinit$$00000004  c_w.l(libinit2.o)
    0x000002fa   0x000002fa   0x00000000   Code   RO          700    .ARM.Collect$$libinit$$0000000A  c_w.l(libinit2.o)
    0x000002fa   0x000002fa   0x00000000   Code   RO          702    .ARM.Collect$$libinit$$0000000C  c_w.l(libinit2.o)
    0x000002fa   0x000002fa   0x00000000   Code   RO          704    .ARM.Collect$$libinit$$0000000E  c_w.l(libinit2.o)
    0x000002fa   0x000002fa   0x00000000   Code   RO          707    .ARM.Collect$$libinit$$00000011  c_w.l(libinit2.o)
    0x000002fa   0x000002fa   0x00000000   Code   RO          709    .ARM.Collect$$libinit$$00000013  c_w.l(libinit2.o)
    0x000002fa   0x000002fa   0x00000000   Code   RO          711    .ARM.Collect$$libinit$$00000015  c_w.l(libinit2.o)
    0x000002fa   0x000002fa   0x00000000   Code   RO          713    .ARM.Collect$$libinit$$00000017  c_w.l(libinit2.o)
    0x000002fa   0x000002fa   0x00000000   Code   RO          715    .ARM.Collect$$libinit$$00000019  c_w.l(libinit2.o)
    0x000002fa   0x000002fa   0x00000000   Code   RO          717    .ARM.Collect$$libinit$$0000001B  c_w.l(libinit2.o)
    0x000002fa   0x000002fa   0x00000000   Code   RO          719    .ARM.Collect$$libinit$$0000001D  c_w.l(libinit2.o)
    0x000002fa   0x000002fa   0x00000000   Code   RO          721    .ARM.Collect$$libinit$$0000001F  c_w.l(libinit2.o)
    0x000002fa   0x000002fa   0x00000000   Code   RO          723    .ARM.Collect$$libinit$$00000021  c_w.l(libinit2.o)
    0x000002fa   0x000002fa   0x00000000   Code   RO          725    .ARM.Collect$$libinit$$00000023  c_w.l(libinit2.o)
    0x000002fa   0x000002fa   0x00000000   Code   RO          727    .ARM.Collect$$libinit$$00000025  c_w.l(libinit2.o)
    0x000002fa   0x000002fa   0x00000000   Code   RO          731    .ARM.Collect$$libinit$$0000002C  c_w.l(libinit2.o)
    0x000002fa   0x000002fa   0x00000000   Code   RO          733    .ARM.Collect$$libinit$$0000002E  c_w.l(libinit2.o)
    0x000002fa   0x000002fa   0x00000000   Code   RO          735    .ARM.Collect$$libinit$$00000030  c_w.l(libinit2.o)
    0x000002fa   0x000002fa   0x00000000   Code   RO          737    .ARM.Collect$$libinit$$00000032  c_w.l(libinit2.o)
    0x000002fa   0x000002fa   0x00000002   Code   RO          738    .ARM.Collect$$libinit$$00000033  c_w.l(libinit2.o)
    0x000002fc   0x000002fc   0x00000002   Code   RO          758    .ARM.Collect$$libshutdown$$00000000  c_w.l(libshutdown.o)
    0x000002fe   0x000002fe   0x00000000   Code   RO          771    .ARM.Collect$$libshutdown$$00000002  c_w.l(libshutdown2.o)
    0x000002fe   0x000002fe   0x00000000   Code   RO          773    .ARM.Collect$$libshutdown$$00000004  c_w.l(libshutdown2.o)
    0x000002fe   0x000002fe   0x00000000   Code   RO          776    .ARM.Collect$$libshutdown$$00000007  c_w.l(libshutdown2.o)
    0x000002fe   0x000002fe   0x00000000   Code   RO          779    .ARM.Collect$$libshutdown$$0000000A  c_w.l(libshutdown2.o)
    0x000002fe   0x000002fe   0x00000000   Code   RO          781    .ARM.Collect$$libshutdown$$0000000C  c_w.l(libshutdown2.o)
    0x000002fe   0x000002fe   0x00000000   Code   RO          784    .ARM.Collect$$libshutdown$$0000000F  c_w.l(libshutdown2.o)
    0x000002fe   0x000002fe   0x00000002   Code   RO          785    .ARM.Collect$$libshutdown$$00000010  c_w.l(libshutdown2.o)
    0x00000300   0x00000300   0x00000000   Code   RO          663    .ARM.Collect$$rtentry$$00000000  c_w.l(__rtentry.o)
    0x00000300   0x00000300   0x00000000   Code   RO          665    .ARM.Collect$$rtentry$$00000002  c_w.l(__rtentry2.o)
    0x00000300   0x00000300   0x00000006   Code   RO          677    .ARM.Collect$$rtentry$$00000004  c_w.l(__rtentry4.o)
    0x00000306   0x00000306   0x00000000   Code   RO          667    .ARM.Collect$$rtentry$$00000009  c_w.l(__rtentry2.o)
    0x00000306   0x00000306   0x00000004   Code   RO          668    .ARM.Collect$$rtentry$$0000000A  c_w.l(__rtentry2.o)
    0x0000030a   0x0000030a   0x00000000   Code   RO          670    .ARM.Collect$$rtentry$$0000000C  c_w.l(__rtentry2.o)
    0x0000030a   0x0000030a   0x00000008   Code   RO          671    .ARM.Collect$$rtentry$$0000000D  c_w.l(__rtentry2.o)
    0x00000312   0x00000312   0x00000002   Code   RO          692    .ARM.Collect$$rtexit$$00000000  c_w.l(rtexit.o)
    0x00000314   0x00000314   0x00000000   Code   RO          740    .ARM.Collect$$rtexit$$00000002  c_w.l(rtexit2.o)
    0x00000314   0x00000314   0x00000004   Code   RO          741    .ARM.Collect$$rtexit$$00000003  c_w.l(rtexit2.o)
    0x00000318   0x00000318   0x00000006   Code   RO          742    .ARM.Collect$$rtexit$$00000004  c_w.l(rtexit2.o)
    0x0000031e   0x0000031e   0x00000002   PAD
    0x00000320   0x00000320   0x00000030   Code   RO            4    .text               startup.o
    0x00000350   0x00000350   0x00000060   Code   RO          159    .text               lcd.o
    0x000003b0   0x000003b0   0x000002d4   Code   RO          162    .text               print.o
    0x00000684   0x00000684   0x00000064   Code   RO          657    .text               c_w.l(rt_memcpy_w.o)
    0x000006e8   0x000006e8   0x00000006   Code   RO          659    .text               c_w.l(heapauxi.o)
    0x000006ee   0x000006ee   0x0000004a   Code   RO          679    .text               c_w.l(sys_stackheap_outer.o)
    0x00000738   0x00000738   0x00000012   Code   RO          681    .text               c_w.l(exit.o)
    0x0000074a   0x0000074a   0x00000002   PAD
    0x0000074c   0x0000074c   0x00000008   Code   RO          689    .text               c_w.l(libspace.o)
    0x00000754   0x00000754   0x0000000c   Code   RO          750    .text               c_w.l(sys_exit.o)
    0x00000760   0x00000760   0x00000002   Code   RO          761    .text               c_w.l(use_no_semi.o)
    0x00000762   0x00000762   0x00000000   Code   RO          763    .text               c_w.l(indicate_semi.o)
    0x00000762   0x00000762   0x00000002   PAD
    0x00000764   0x00000764   0x0000002c   Code   RO           41    i.ADC_In            adc.o
    0x00000790   0x00000790   0x00000118   Code   RO           42    i.ADC_Init          adc.o
    0x000008a8   0x000008a8   0x0000001c   Code   RO          165    i.Convert           spaceinvaders.o
    0x000008c4   0x000008c4   0x00000058   Code   RO           16    i.DAC_Init          dac.o
    0x0000091c   0x0000091c   0x0000000c   Code   RO           17    i.DAC_Out           dac.o
    0x00000928   0x00000928   0x00000024   Code   RO          166    i.Delay100ms        spaceinvaders.o
    0x0000094c   0x0000094c   0x00000020   Code   RO          268    i.Delay1ms          st7735.o
    0x0000096c   0x0000096c   0x00000020   Code   RO          564    i.Delay1msa         buttoninput.o
    0x0000098c   0x0000098c   0x00000020   Code   RO          619    i.Delay1msb         portinit.o
    0x000009ac   0x000009ac   0x00000098   Code   RO          565    i.GPIOPortC_Handler  buttoninput.o
    0x00000a44   0x00000a44   0x00000094   Code   RO          566    i.GPIOPortE_Handler  buttoninput.o
    0x00000ad8   0x00000ad8   0x00000024   Code   RO          167    i.GPIOPortF_Handler  spaceinvaders.o
    0x00000afc   0x00000afc   0x00000010   Code   RO          271    i.Output_Init       st7735.o
    0x00000b0c   0x00000b0c   0x0000007c   Code   RO          531    i.PLL_Init          pll.o
    0x00000b88   0x00000b88   0x00000120   Code   RO          275    i.ST7735_DrawBitmap  st7735.o
    0x00000ca8   0x00000ca8   0x000000f8   Code   RO          277    i.ST7735_DrawCharS  st7735.o
    0x00000da0   0x00000da0   0x00000048   Code   RO          280    i.ST7735_DrawPixel  st7735.o
    0x00000de8   0x00000de8   0x00000056   Code   RO          281    i.ST7735_DrawString  st7735.o
    0x00000e3e   0x00000e3e   0x00000002   PAD
    0x00000e40   0x00000e40   0x000000ac   Code   RO          282    i.ST7735_FillRect   st7735.o
    0x00000eec   0x00000eec   0x00000024   Code   RO          283    i.ST7735_FillScreen  st7735.o
    0x00000f10   0x00000f10   0x0000007c   Code   RO          285    i.ST7735_InitR      st7735.o
    0x00000f8c   0x00000f8c   0x000000d4   Code   RO          287    i.ST7735_OutChar    st7735.o
    0x00001060   0x00001060   0x00000018   Code   RO          288    i.ST7735_OutString  st7735.o
    0x00001078   0x00001078   0x00000020   Code   RO          298    i.ST7735_SetCursor  st7735.o
    0x00001098   0x00001098   0x0000001c   Code   RO          169    i.SysTick_Handler   spaceinvaders.o
    0x000010b4   0x000010b4   0x0000002c   Code   RO          170    i.SysTick_Init      spaceinvaders.o
    0x000010e0   0x000010e0   0x00000018   Code   RO           59    i.Timer0A_Handler   timer0.o
    0x000010f8   0x000010f8   0x00000060   Code   RO           60    i.Timer0_Init       timer0.o
    0x00001158   0x00001158   0x00000018   Code   RO           93    i.Timer1A_Handler   timer1.o
    0x00001170   0x00001170   0x0000002c   Code   RO          543    i.characterInit     characters.o
    0x0000119c   0x0000119c   0x0000004c   Code   RO          567    i.checkPlayer1      buttoninput.o
    0x000011e8   0x000011e8   0x0000004c   Code   RO          568    i.checkPlayer2      buttoninput.o
    0x00001234   0x00001234   0x00000056   Code   RO          302    i.commandList       st7735.o
    0x0000128a   0x0000128a   0x00000002   PAD
    0x0000128c   0x0000128c   0x00000188   Code   RO          303    i.commonInit        st7735.o
    0x00001414   0x00001414   0x00000b40   Code   RO          171    i.main              spaceinvaders.o
    0x00001f54   0x00001f54   0x00000030   Code   RO           61    i.musicPlay         timer0.o
    0x00001f84   0x00001f84   0x00000100   Code   RO          620    i.portCEdgeInit     portinit.o
    0x00002084   0x00002084   0x000000fc   Code   RO          621    i.portEEdgeInit     portinit.o
    0x00002180   0x00002180   0x000000b0   Code   RO          622    i.portNoEdgeInit    portinit.o
    0x00002230   0x00002230   0x00000012   Code   RO          308    i.pushColor         st7735.o
    0x00002242   0x00002242   0x00000002   PAD
    0x00002244   0x00002244   0x00000100   Code   RO          569    i.randomInput       buttoninput.o
    0x00002344   0x00002344   0x00000074   Code   RO          309    i.setAddrWindow     st7735.o
    0x000023b8   0x000023b8   0x00000014   Code   RO          570    i.testInput         buttoninput.o
    0x000023cc   0x000023cc   0x0000004c   Code   RO          623    i.waitForPress      portinit.o
    0x00002418   0x00002418   0x0000e7c1   Data   RO          125    .constdata          sound.o
    0x00010bd9   0x00010bd9   0x00000001   PAD
    0x00010bda   0x00010bda   0x000071d6   Data   RO          175    .constdata          spaceinvaders.o
    0x00017db0   0x00017db0   0x000007e2   Data   RO          311    .constdata          st7735.o
    0x00018592   0x00018592   0x00000002   PAD
    0x00018594   0x00018594   0x00000012   Data   RO          571    .constdata          buttoninput.o
    0x000185a6   0x000185a6   0x00000002   PAD
    0x000185a8   0x000185a8   0x00000020   Data   RO          816    Region$$Table       anon$$obj.o


    Execution Region ER_RW (Exec base: 0x20000000, Load base: 0x000185c8, Size: 0x00000050, Max: 0xffffffff, ABSOLUTE)

    Exec Addr    Load Addr    Size         Type   Attr      Idx    E Section Name        Object

    0x20000000   0x000185c8   0x00000008   Data   RW           62    .data               timer0.o
    0x20000008   0x000185d0   0x00000004   Data   RW           96    .data               timer1.o
    0x2000000c   0x000185d4   0x00000010   Data   RW          176    .data               spaceinvaders.o
    0x2000001c   0x000185e4   0x0000002c   Data   RW          312    .data               st7735.o
    0x20000048   0x00018610   0x00000008   Data   RW          572    .data               buttoninput.o


    Execution Region ER_ZI (Exec base: 0x20000050, Load base: 0x00018618, Size: 0x00000478, Max: 0xffffffff, ABSOLUTE)

    Exec Addr    Load Addr    Size         Type   Attr      Idx    E Section Name        Object

    0x20000050        -       0x00000018   Zero   RW          545    .bss                characters.o
    0x20000068        -       0x00000060   Zero   RW          690    .bss                c_w.l(libspace.o)
    0x200000c8        -       0x00000000   Zero   RW            2    HEAP                startup.o
    0x200000c8        -       0x00000400   Zero   RW            1    STACK               startup.o


==============================================================================

Image component sizes


      Code (inc. data)   RO Data    RW Data    ZI Data      Debug   Object Name

       324         28          0          0          0       1480   adc.o
       760         82         18          8          0       5293   buttoninput.o
        44         10          0          0         24       1292   characters.o
       100         18          0          0          0       5721   dac.o
        96         12          0          0          0        280   lcd.o
       124          4          0          0          0        483   pll.o
       792         76          0          0          0       3052   portinit.o
       724         12          0          0          0        480   print.o
         0          0      59329          0          0        754   sound.o
      3052        368      29142         16          0       7086   spaceinvaders.o
      1954        184       2018         44          0      13744   st7735.o
       692        632          0          0       1024       1052   startup.o
       168         40          0          8          0       2060   timer0.o
        24          8          0          4          0       1022   timer1.o

    ----------------------------------------------------------------------
      8860       1474      90544         80       1048      43799   Object Totals
         0          0         32          0          0          0   (incl. Generated)
         6          0          5          0          0          0   (incl. Padding)

    ----------------------------------------------------------------------

      Code (inc. data)   RO Data    RW Data    ZI Data      Debug   Library Member Name

         8          0          0          0          0         68   __main.o
         0          0          0          0          0          0   __rtentry.o
        12          0          0          0          0          0   __rtentry2.o
         6          0          0          0          0          0   __rtentry4.o
        52          8          0          0          0          0   __scatter.o
        26          0          0          0          0          0   __scatter_copy.o
        28          0          0          0          0          0   __scatter_zi.o
        18          0          0          0          0         80   exit.o
         6          0          0          0          0        152   heapauxi.o
         0          0          0          0          0          0   indicate_semi.o
         2          0          0          0          0          0   libinit.o
         2          0          0          0          0          0   libinit2.o
         2          0          0          0          0          0   libshutdown.o
         2          0          0          0          0          0   libshutdown2.o
         8          4          0          0         96         68   libspace.o
       100          0          0          0          0         80   rt_memcpy_w.o
         2          0          0          0          0          0   rtexit.o
        10          0          0          0          0          0   rtexit2.o
        12          4          0          0          0         68   sys_exit.o
        74          0          0          0          0         80   sys_stackheap_outer.o
         2          0          0          0          0         68   use_no_semi.o

    ----------------------------------------------------------------------
       380         16          0          0         96        664   Library Totals
         8          0          0          0          0          0   (incl. Padding)

    ----------------------------------------------------------------------

      Code (inc. data)   RO Data    RW Data    ZI Data      Debug   Library Name

       372         16          0          0         96        664   c_w.l

    ----------------------------------------------------------------------
       380         16          0          0         96        664   Library Totals

    ----------------------------------------------------------------------

==============================================================================


      Code (inc. data)   RO Data    RW Data    ZI Data      Debug   

      9240       1490      90544         80       1144      42171   Grand Totals
      9240       1490      90544         80       1144      42171   ELF Image Totals
      9240       1490      90544         80          0          0   ROM Totals

==============================================================================

    Total RO  Size (Code + RO Data)                99784 (  97.45kB)
    Total RW  Size (RW Data + ZI Data)              1224 (   1.20kB)
    Total ROM Size (Code + RO Data + RW Data)      99864 (  97.52kB)

==============================================================================

